<html>
<body>
<pre>
<h1>礦ision Build Log</h1>
<h2>Tool Versions:</h2>
IDE-Version: μVision V5.16.0.0
Copyright (C) 2015 ARM Ltd and ARM Germany GmbH. All rights reserved.
License Information: 1 Microsoft, Microsoft, LIC=X1ERA-1D0YW-AUE4J-U4SRE-BMK3A-059D2
 
Tool Versions:
Toolchain:       MDK-ARM Professional  Version: 5.16.0.0
Toolchain Path:  C:\Keil_v5\ARM\ARMCC\Bin
C Compiler:      Armcc.exe V5.06 (build 20)
Assembler:       Armasm.exe V5.06 (build 20)
Linker/Locator:  ArmLink.exe V5.06 (build 20)
Library Manager: ArmAr.exe V5.06 (build 20)
Hex Converter:   FromElf.exe V5.06 (build 20)
CPU DLL:         SARMCM3.DLL V5.16.0.0
Dialog DLL:      DCM.DLL V1.13.2.0
Target DLL:      STLink\ST-LINKIII-KEIL_SWO.dll V2.0.17.0
Dialog DLL:      TCM.DLL V1.14.5.0
 
<h2>Project:</h2>
E:\【1多功能相框】\【我的程序】\USER\TOUCH.uvprojx
Project File Date:  07/10/2017

<h2>Output:</h2>
*** Using Compiler 'V5.06 (build 20)', folder: 'C:\Keil_v5\ARM\ARMCC\Bin'
Build target 'Target 1'
compiling diskio.c...
compiling malloc.c...
compiling main.c...
main.c(188): warning:  #223-D: function "dir_sdi" declared implicitly
  		dir_sdi(&picdir,picindextbl[curindex]);			//?谋涞?前目录????	   
main.c: 1 warning, 0 errors
compiling exfuns.c...
compiling fattester.c...
compiling fontupd.c...
..\TEXT\fontupd.c(49): warning:  #223-D: function "LCD_ShowNum" declared implicitly
  		LCD_ShowNum(x,y,t,3,size);//??示??值
..\TEXT\fontupd.c: 1 warning, 0 errors
compiling gif.c...
compiling tjpgd.c...
compiling bmp.c...
compiling piclib.c...
linking...
Program Size: Code=46386 RO-data=14106 RW-data=508 ZI-data=8100  
FromELF: creating hex file...
"..\OBJ\TOUCH.axf" - 0 Error(s), 2 Warning(s).

<h2>Collection of Component include folders:</h2>
  E:\【1多功能相框】\【我的程序】\USER\RTE
  C:\Keil_v5\ARM\PACK\Keil\STM32F1xx_DFP\1.1.0\Device\Include

<h2>Collection of Component Files used:</h2>
Build Time Elapsed:  00:00:04
</pre>
</body>
</html>
