Component: ARM Compiler 5.06 (build 20) Tool: armlink [4d35a3]

==============================================================================

Section Cross References

    main.o(.text) refers to ff.o(.text) for f_opendir
    main.o(.text) refers to malloc.o(.text) for mymalloc
    main.o(.text) refers to exfuns.o(.text) for f_typetell
    main.o(.text) refers to lcd.o(.text) for LCD_ShowString
    main.o(.text) refers to delay.o(.text) for delay_ms
    main.o(.text) refers to gui.o(.text) for LCD_Fill
    main.o(.text) refers to fontupd.o(.text) for font_init
    main.o(.text) refers to text.o(.text) for Show_Str
    main.o(.text) refers to piclib.o(.text) for piclib_init
    main.o(.text) refers to strcpy.o(.text) for strcpy
    main.o(.text) refers to strcat.o(.text) for strcat
    main.o(.text) refers to key.o(.text) for KEY_Scan
    main.o(.text) refers to ds1302.o(.text) for Write_DS1302_Time
    main.o(.text) refers to lcd.o(.data) for POINT_COLOR
    main.o(.text) refers to lcd.o(.bss) for lcddev
    main.o(.text) refers to main.o(.data) for key
    main.o(.text) refers to ds1302.o(.data) for time
    main.o(.text) refers to ds18b20.o(.text) for DS18B20_Init
    main.o(.text) refers to misc.o(.text) for NVIC_PriorityGroupConfig
    main.o(.text) refers to system_stm32f10x.o(.text) for SystemInit
    main.o(.text) refers to flash.o(.text) for SPI_Flash_Init
    main.o(.text) refers to exfuns.o(.data) for fs
    test.o(.text) refers to gui.o(.text) for LCD_Fill
    test.o(.text) refers to delay.o(.text) for delay_ms
    test.o(.text) refers to lcd.o(.bss) for lcddev
    test.o(.text) refers to lcd.o(.data) for POINT_COLOR
    test.o(.text) refers to test.o(.data) for ColorTab
    test.o(.text) refers to touch.o(.text) for TP_Init
    test.o(.text) refers to key.o(.text) for KEY_Init
    test.o(.text) refers to lcd.o(.text) for LCD_Clear
    test.o(.text) refers to touch.o(.data) for tp_dev
    gui.o(.text) refers to lcd.o(.text) for LCD_SetCursor
    gui.o(.text) refers to lcd.o(.bss) for lcddev
    gui.o(.text) refers to lcd.o(.data) for POINT_COLOR
    gui.o(.text) refers to gui.o(.constdata) for asc2_1206
    gui.o(.text) refers to strlen.o(.text) for strlen
    delay.o(.text) refers to misc.o(.text) for SysTick_CLKSourceConfig
    delay.o(.text) refers to delay.o(.data) for fac_us
    system_stm32f10x.o(.text) refers to system_stm32f10x.o(.data) for SystemCoreClock
    key.o(.text) refers to stm32f10x_rcc.o(.text) for RCC_APB2PeriphClockCmd
    key.o(.text) refers to stm32f10x_gpio.o(.text) for GPIO_Init
    key.o(.text) refers to delay.o(.text) for delay_ms
    key.o(.text) refers to key.o(.data) for key_up
    lcd.o(.text) refers to stm32f10x_rcc.o(.text) for RCC_APB2PeriphClockCmd
    lcd.o(.text) refers to stm32f10x_gpio.o(.text) for GPIO_Init
    lcd.o(.text) refers to delay.o(.text) for delay_ms
    lcd.o(.text) refers to lcd.o(.bss) for lcddev
    lcd.o(.text) refers to lcd.o(.data) for POINT_COLOR
    lcd.o(.text) refers to gui.o(.text) for GUI_DrawPoint
    lcd.o(.text) refers to lcd.o(.constdata) for my_asc2_1206
    myiic.o(.text) refers to stm32f10x_rcc.o(.text) for RCC_APB2PeriphClockCmd
    myiic.o(.text) refers to stm32f10x_gpio.o(.text) for GPIO_Init
    myiic.o(.text) refers to delay.o(.text) for delay_us
    touch.o(.text) refers to delay.o(.text) for delay_us
    touch.o(.text) refers to gui.o(.text) for LCD_DrawLine
    touch.o(.text) refers to lcd.o(.text) for LCD_DrawPoint
    touch.o(.text) refers to fflt_clz.o(x$fpl$fflt) for __aeabi_i2f
    touch.o(.text) refers to fflt_clz.o(x$fpl$ffltu) for __aeabi_ui2f
    touch.o(.text) refers to fmul.o(x$fpl$fmul) for __aeabi_fmul
    touch.o(.text) refers to faddsub_clz.o(x$fpl$fadd) for __aeabi_fadd
    touch.o(.text) refers to ffixu.o(x$fpl$ffixu) for __aeabi_f2uiz
    touch.o(.text) refers to ffix.o(x$fpl$ffix) for __aeabi_f2iz
    touch.o(.text) refers to 24cxx.o(.text) for AT24CXX_WriteLenByte
    touch.o(.text) refers to touch.o(.data) for CMD_RDX
    touch.o(.text) refers to lcd.o(.data) for POINT_COLOR
    touch.o(.text) refers to fdiv.o(x$fpl$fdiv) for __aeabi_fdiv
    touch.o(.text) refers to dflt_clz.o(x$fpl$dfltu) for __aeabi_ui2d
    touch.o(.text) refers to sqrt.o(i.sqrt) for sqrt
    touch.o(.text) refers to dfixu.o(x$fpl$dfixu) for __aeabi_d2uiz
    touch.o(.text) refers to lcd.o(.bss) for lcddev
    touch.o(.text) refers to f2d.o(x$fpl$f2d) for __aeabi_f2d
    touch.o(.text) refers to dleqf.o(x$fpl$dleqf) for __aeabi_cdcmple
    touch.o(.text) refers to drleqf.o(x$fpl$drleqf) for __aeabi_cdrcmple
    touch.o(.text) refers to faddsub_clz.o(x$fpl$fsub) for __aeabi_fsub
    touch.o(.text) refers to stm32f10x_rcc.o(.text) for RCC_APB2PeriphClockCmd
    touch.o(.text) refers to stm32f10x_gpio.o(.text) for GPIO_Init
    touch.o(.data) refers to touch.o(.text) for TP_Init
    touch.o(.data) refers to touch.o(.conststring) for .conststring
    music.o(.text) refers to stm32f10x_rcc.o(.text) for RCC_APB1PeriphClockCmd
[...]
    .ARM.Collect$$libinit$$00000011          0x080001a2   Section        0  libinit2.o(.ARM.Collect$$libinit$$00000011)
    .ARM.Collect$$libinit$$00000013          0x080001a2   Section        0  libinit2.o(.ARM.Collect$$libinit$$00000013)
    .ARM.Collect$$libinit$$00000015          0x080001a2   Section        0  libinit2.o(.ARM.Collect$$libinit$$00000015)
    .ARM.Collect$$libinit$$00000017          0x080001a2   Section        0  libinit2.o(.ARM.Collect$$libinit$$00000017)
    .ARM.Collect$$libinit$$00000019          0x080001a2   Section        0  libinit2.o(.ARM.Collect$$libinit$$00000019)
    .ARM.Collect$$libinit$$0000001B          0x080001a2   Section        0  libinit2.o(.ARM.Collect$$libinit$$0000001B)
    .ARM.Collect$$libinit$$0000001D          0x080001a2   Section        0  libinit2.o(.ARM.Collect$$libinit$$0000001D)
    .ARM.Collect$$libinit$$0000001F          0x080001a2   Section        0  libinit2.o(.ARM.Collect$$libinit$$0000001F)
    .ARM.Collect$$libinit$$00000021          0x080001a2   Section        0  libinit2.o(.ARM.Collect$$libinit$$00000021)
    .ARM.Collect$$libinit$$00000023          0x080001a2   Section        0  libinit2.o(.ARM.Collect$$libinit$$00000023)
    .ARM.Collect$$libinit$$00000025          0x080001a2   Section        0  libinit2.o(.ARM.Collect$$libinit$$00000025)
    .ARM.Collect$$libinit$$0000002C          0x080001a2   Section        0  libinit2.o(.ARM.Collect$$libinit$$0000002C)
    .ARM.Collect$$libinit$$0000002E          0x080001a2   Section        0  libinit2.o(.ARM.Collect$$libinit$$0000002E)
    .ARM.Collect$$libinit$$00000030          0x080001a2   Section        0  libinit2.o(.ARM.Collect$$libinit$$00000030)
    .ARM.Collect$$libinit$$00000032          0x080001a2   Section        0  libinit2.o(.ARM.Collect$$libinit$$00000032)
    .ARM.Collect$$libinit$$00000033          0x080001a2   Section        2  libinit2.o(.ARM.Collect$$libinit$$00000033)
    .ARM.Collect$$libshutdown$$00000000      0x080001a4   Section        2  libshutdown.o(.ARM.Collect$$libshutdown$$00000000)
    .ARM.Collect$$libshutdown$$00000002      0x080001a6   Section        0  libshutdown2.o(.ARM.Collect$$libshutdown$$00000002)
    .ARM.Collect$$libshutdown$$00000004      0x080001a6   Section        0  libshutdown2.o(.ARM.Collect$$libshutdown$$00000004)
    .ARM.Collect$$libshutdown$$00000007      0x080001a6   Section        0  libshutdown2.o(.ARM.Collect$$libshutdown$$00000007)
    .ARM.Collect$$libshutdown$$0000000A      0x080001a6   Section        0  libshutdown2.o(.ARM.Collect$$libshutdown$$0000000A)
    .ARM.Collect$$libshutdown$$0000000C      0x080001a6   Section        0  libshutdown2.o(.ARM.Collect$$libshutdown$$0000000C)
    .ARM.Collect$$libshutdown$$0000000F      0x080001a6   Section        0  libshutdown2.o(.ARM.Collect$$libshutdown$$0000000F)
    .ARM.Collect$$libshutdown$$00000010      0x080001a6   Section        2  libshutdown2.o(.ARM.Collect$$libshutdown$$00000010)
    .ARM.Collect$$rtentry$$00000000          0x080001a8   Section        0  __rtentry.o(.ARM.Collect$$rtentry$$00000000)
    .ARM.Collect$$rtentry$$00000002          0x080001a8   Section        0  __rtentry2.o(.ARM.Collect$$rtentry$$00000002)
    .ARM.Collect$$rtentry$$00000004          0x080001a8   Section        6  __rtentry4.o(.ARM.Collect$$rtentry$$00000004)
    .ARM.Collect$$rtentry$$00000009          0x080001ae   Section        0  __rtentry2.o(.ARM.Collect$$rtentry$$00000009)
    .ARM.Collect$$rtentry$$0000000A          0x080001ae   Section        4  __rtentry2.o(.ARM.Collect$$rtentry$$0000000A)
    .ARM.Collect$$rtentry$$0000000C          0x080001b2   Section        0  __rtentry2.o(.ARM.Collect$$rtentry$$0000000C)
    .ARM.Collect$$rtentry$$0000000D          0x080001b2   Section        8  __rtentry2.o(.ARM.Collect$$rtentry$$0000000D)
    .ARM.Collect$$rtexit$$00000000           0x080001ba   Section        2  rtexit.o(.ARM.Collect$$rtexit$$00000000)
    .ARM.Collect$$rtexit$$00000002           0x080001bc   Section        0  rtexit2.o(.ARM.Collect$$rtexit$$00000002)
    .ARM.Collect$$rtexit$$00000003           0x080001bc   Section        4  rtexit2.o(.ARM.Collect$$rtexit$$00000003)
    .ARM.Collect$$rtexit$$00000004           0x080001c0   Section        6  rtexit2.o(.ARM.Collect$$rtexit$$00000004)
    .text                                    0x080001c8   Section        0  main.o(.text)
    .text                                    0x08000a7c   Section        0  gui.o(.text)
    .text                                    0x08001480   Section        0  delay.o(.text)
    .text                                    0x0800152c   Section        0  system_stm32f10x.o(.text)
    SetSysClockTo72                          0x0800152d   Thumb Code   214  system_stm32f10x.o(.text)
    SetSysClock                              0x08001603   Thumb Code     8  system_stm32f10x.o(.text)
    .text                                    0x0800170c   Section        0  key.o(.text)
    .text                                    0x08001844   Section        0  lcd.o(.text)
    .text                                    0x08001fbc   Section        0  spi.o(.text)
    .text                                    0x0800209c   Section        0  mmc_sd.o(.text)
    .text                                    0x080025c0   Section        0  malloc.o(.text)
    .text                                    0x08002754   Section        0  flash.o(.text)
    .text                                    0x08002ab4   Section        0  ds18b20.o(.text)
    .text                                    0x08002d44   Section        0  usart.o(.text)
    .text                                    0x08002e84   Section        0  ds1302.o(.text)
    DelayNOP                                 0x08002ecf   Thumb Code    14  ds1302.o(.text)
    DS1302_OUT                               0x08002edd   Thumb Code    20  ds1302.o(.text)
    DS1302_IN                                0x08002ef1   Thumb Code    20  ds1302.o(.text)
    .text                                    0x0800324c   Section       64  startup_stm32f10x_md.o(.text)
    .text                                    0x0800328c   Section        0  misc.o(.text)
    .text                                    0x08003368   Section        0  stm32f10x_gpio.o(.text)
    .text                                    0x080036c4   Section        0  stm32f10x_rcc.o(.text)
    .text                                    0x08003a68   Section        0  stm32f10x_spi.o(.text)
    .text                                    0x08003d74   Section        0  stm32f10x_usart.o(.text)
    .text                                    0x0800417c   Section        0  diskio.o(.text)
    .text                                    0x08004374   Section        0  ff.o(.text)
    mem_cpy                                  0x08004375   Thumb Code    26  ff.o(.text)
    mem_set                                  0x0800438f   Thumb Code    20  ff.o(.text)
    mem_cmp                                  0x080043a3   Thumb Code    38  ff.o(.text)
    chk_chr                                  0x080043c9   Thumb Code    20  ff.o(.text)
    sync_window                              0x080043dd   Thumb Code    76  ff.o(.text)
    move_window                              0x08004429   Thumb Code    50  ff.o(.text)
    sync_fs                                  0x0800445b   Thumb Code   200  ff.o(.text)
    remove_chain                             0x0800475b   Thumb Code   108  ff.o(.text)
    create_chain                             0x080047c7   Thumb Code   214  ff.o(.text)
    clmt_clust                               0x0800489d   Thumb Code    50  ff.o(.text)
    dir_next                                 0x0800496d   Thumb Code   272  ff.o(.text)
    dir_alloc                                0x08004a7d   Thumb Code    92  ff.o(.text)
    ld_clust                                 0x08004ad9   Thumb Code    32  ff.o(.text)
    st_clust                                 0x08004af9   Thumb Code    16  ff.o(.text)
    cmp_lfn                                  0x08004b09   Thumb Code   138  ff.o(.text)
    pick_lfn                                 0x08004b93   Thumb Code   112  ff.o(.text)
    fit_lfn                                  0x08004c03   Thumb Code   122  ff.o(.text)
    gen_numname                              0x08004c7d   Thumb Code   194  ff.o(.text)
    sum_sfn                                  0x08004d3f   Thumb Code    32  ff.o(.text)
    dir_find                                 0x08004d5f   Thumb Code   222  ff.o(.text)
    dir_read                                 0x08004e3d   Thumb Code   196  ff.o(.text)
    dir_register                             0x08004f01   Thumb Code   308  ff.o(.text)
    dir_remove                               0x08005035   Thumb Code   106  ff.o(.text)
    get_fileinfo                             0x0800509f   Thumb Code   268  ff.o(.text)
    create_name                              0x080051ab   Thumb Code   604  ff.o(.text)
    follow_path                              0x08005407   Thumb Code   144  ff.o(.text)
    get_ldnumber                             0x08005497   Thumb Code    74  ff.o(.text)
    check_fs                                 0x080054e1   Thumb Code   140  ff.o(.text)
    find_volume                              0x0800556d   Thumb Code   916  ff.o(.text)
    validate                                 0x08005901   Thumb Code    54  ff.o(.text)
    putc_bfd                                 0x0800729b   Thumb Code    68  ff.o(.text)
    .text                                    0x0800760c   Section        0  exfuns.o(.text)
    .text                                    0x080077a4   Section        0  cc936.o(.text)
    .text                                    0x08007854   Section        0  fontupd.o(.text)
    .text                                    0x08007c18   Section        0  text.o(.text)
    .text                                    0x08007eec   Section        0  bmp.o(.text)
    .text                                    0x0800874c   Section        0  tjpgd.o(.text)
    alloc_pool                               0x0800874d   Thumb Code    30  tjpgd.o(.text)
    create_qt_tbl                            0x0800876b   Thumb Code   108  tjpgd.o(.text)
    create_huffman_tbl                       0x080087d7   Thumb Code   308  tjpgd.o(.text)
    bitext                                   0x0800890b   Thumb Code   144  tjpgd.o(.text)
    huffext                                  0x0800899b   Thumb Code   192  tjpgd.o(.text)
    block_idct                               0x08008a5b   Thumb Code   686  tjpgd.o(.text)
    mcu_load                                 0x08008d09   Thumb Code   476  tjpgd.o(.text)
    mcu_output                               0x08008ee5   Thumb Code   920  tjpgd.o(.text)
    restart                                  0x0800927d   Thumb Code   112  tjpgd.o(.text)
    .text                                    0x080099bc   Section        0  gif.o(.text)
    .text                                    0x0800a85c   Section        0  piclib.o(.text)
    .text                                    0x0800ab30   Section        2  use_no_semi_2.o(.text)
    .text                                    0x0800ab32   Section        0  strcpy.o(.text)
    .text                                    0x0800ab7a   Section        0  strlen.o(.text)
    .text                                    0x0800abb8   Section        0  strcat.o(.text)
    .text                                    0x0800abd0   Section      128  strcmpv7m.o(.text)
    .text                                    0x0800ac50   Section        0  heapauxi.o(.text)
    .text                                    0x0800ac56   Section        2  use_no_semi.o(.text)
    .text                                    0x0800ac58   Section        8  libspace.o(.text)
    .text                                    0x0800ac60   Section       74  sys_stackheap_outer.o(.text)
    .text                                    0x0800acaa   Section        0  exit.o(.text)
    x$fpl$dfix                               0x0800acbc   Section       94  dfix.o(x$fpl$dfix)
    x$fpl$dmul                               0x0800ad1c   Section      340  dmul.o(x$fpl$dmul)
    x$fpl$dnaninf                            0x0800ae70   Section      156  dnaninf.o(x$fpl$dnaninf)
    x$fpl$dretinf                            0x0800af0c   Section       12  dretinf.o(x$fpl$dretinf)
    x$fpl$f2d                                0x0800af18   Section       86  f2d.o(x$fpl$f2d)
    x$fpl$fadd                               0x0800af70   Section      196  faddsub_clz.o(x$fpl$fadd)
    _fadd1                                   0x0800af7f   Thumb Code     0  faddsub_clz.o(x$fpl$fadd)
    x$fpl$fcmpinf                            0x0800b034   Section       24  fcmpi.o(x$fpl$fcmpinf)
    x$fpl$fdiv                               0x0800b04c   Section      388  fdiv.o(x$fpl$fdiv)
    _fdiv1                                   0x0800b04d   Thumb Code     0  fdiv.o(x$fpl$fdiv)
    x$fpl$feqf                               0x0800b1d0   Section      104  feqf.o(x$fpl$feqf)
    x$fpl$ffixu                              0x0800b238   Section       62  ffixu.o(x$fpl$ffixu)
    x$fpl$fflt                               0x0800b278   Section       48  fflt_clz.o(x$fpl$fflt)
    x$fpl$ffltu                              0x0800b2a8   Section       38  fflt_clz.o(x$fpl$ffltu)
    x$fpl$fleqf                              0x0800b2d0   Section      104  fleqf.o(x$fpl$fleqf)
    x$fpl$fmul                               0x0800b338   Section      258  fmul.o(x$fpl$fmul)
    x$fpl$fnaninf                            0x0800b43a   Section      140  fnaninf.o(x$fpl$fnaninf)
    x$fpl$fretinf                            0x0800b4c6   Section       10  fretinf.o(x$fpl$fretinf)
    x$fpl$frleqf                             0x0800b4d0   Section       98  frleqf.o(x$fpl$frleqf)
    x$fpl$fsub                               0x0800b534   Section      234  faddsub_clz.o(x$fpl$fsub)
    _fsub1                                   0x0800b543   Thumb Code     0  faddsub_clz.o(x$fpl$fsub)
    .constdata                               0x0800b61e   Section     5262  gui.o(.constdata)
    x$fpl$usenofp                            0x0800b61e   Section        0  usenofp.o(x$fpl$usenofp)
    .constdata                               0x0800caac   Section     6080  lcd.o(.constdata)
    .constdata                               0x0800e26c   Section       58  ff.o(.constdata)
    LfnOfs                                   0x0800e26c   Data          13  ff.o(.constdata)
    vst                                      0x0800e27a   Data          22  ff.o(.constdata)
    cst                                      0x0800e290   Data          22  ff.o(.constdata)
    .constdata                               0x0800e2a6   Section      968  cc936.o(.constdata)
    uni2oem                                  0x0800e2a6   Data           4  cc936.o(.constdata)
    oem2uni                                  0x0800e2aa   Data           4  cc936.o(.constdata)
    tbl_lower                                0x0800e2ae   Data         480  cc936.o(.constdata)
    tbl_upper                                0x0800e48e   Data         480  cc936.o(.constdata)
    .constdata                               0x0800e66e   Section     1216  tjpgd.o(.constdata)
    Zig                                      0x0800e66e   Data          64  tjpgd.o(.constdata)
    Ipsf                                     0x0800e6ae   Data         128  tjpgd.o(.constdata)
    Clip8                                    0x0800e72e   Data        1024  tjpgd.o(.constdata)
    .constdata                               0x0800eb2e   Section       40  gif.o(.constdata)
    .conststring                             0x0800eb58   Section      100  exfuns.o(.conststring)
    .conststring                             0x0800ebbc   Section      109  fontupd.o(.conststring)
    .data                                    0x20000000   Section        1  main.o(.data)
    .data                                    0x20000002   Section        4  delay.o(.data)
    fac_us                                   0x20000002   Data           1  delay.o(.data)
    fac_ms                                   0x20000004   Data           2  delay.o(.data)
    .data                                    0x20000008   Section       20  system_stm32f10x.o(.data)
    .data                                    0x2000001c   Section        1  key.o(.data)
    key_up                                   0x2000001c   Data           1  key.o(.data)
    .data                                    0x2000001e   Section        6  lcd.o(.data)
    .data                                    0x20000024   Section        1  mmc_sd.o(.data)
    .data                                    0x20000028   Section       20  malloc.o(.data)
    .data                                    0x2000003c   Section        2  flash.o(.data)
    .data                                    0x20000040   Section        5  usart.o(.data)
    .data                                    0x20000046   Section       32  ds1302.o(.data)
    GPIO_InitStructure                       0x20000062   Data           4  ds1302.o(.data)
    .data                                    0x20000066   Section       20  stm32f10x_rcc.o(.data)
    APBAHBPrescTable                         0x20000066   Data          16  stm32f10x_rcc.o(.data)
    ADCPrescTable                            0x20000076   Data           4  stm32f10x_rcc.o(.data)
    .data                                    0x2000007a   Section        2  diskio.o(.data)
    .data                                    0x2000007c   Section       10  ff.o(.data)
    FatFs                                    0x2000007c   Data           8  ff.o(.data)
    Fsid                                     0x20000084   Data           2  ff.o(.data)
    .data                                    0x20000088   Section      340  exfuns.o(.data)
    .data                                    0x200001dc   Section       16  fontupd.o(.data)
    .data                                    0x200001ec   Section       12  tjpgd.o(.data)
    .data                                    0x200001f8   Section        1  gif.o(.data)
    .bss                                     0x200001fc   Section       14  lcd.o(.bss)
    .bss                                     0x2000020a   Section       18  spi.o(.bss)
    .bss                                     0x2000021c   Section     2176  malloc.o(.bss)
    .bss                                     0x20000a9c   Section     4096  flash.o(.bss)
    .bss                                     0x20001a9c   Section       64  usart.o(.bss)
    .bss                                     0x20001adc   Section       33  fontupd.o(.bss)
    .bss                                     0x20001b00   Section       60  piclib.o(.bss)
    .bss                                     0x20001b3c   Section       96  libspace.o(.bss)
    HEAP                                     0x20001ba0   Section      512  startup_stm32f10x_md.o(HEAP)
    Heap_Mem                                 0x20001ba0   Data         512  startup_stm32f10x_md.o(HEAP)
    STACK                                    0x20001da0   Section     1024  startup_stm32f10x_md.o(STACK)
    Stack_Mem                                0x20001da0   Data        1024  startup_stm32f10x_md.o(STACK)
    __initial_sp                             0x200021a0   Data           0  startup_stm32f10x_md.o(STACK)

    Global Symbols

    Symbol Name                              Value     Ov Type        Size  Object(Section)

    BuildAttributes$$THM_ISAv4$P$D$K$B$S$PE$A:L22UL41UL21$X:L11$S22US41US21$IEEE1$IW$USESV6$~STKCKD$USESV7$~SHL$OTIME$ROPI$IEEEX$EBA8$UX$STANDARDLIB$REQ8$PRES8$EABIv2 0x00000000   Number         0  anon$$obj.o ABSOLUTE
    __ARM_use_no_argv                        0x00000000   Number         0  main.o ABSOLUTE
    __ARM_exceptions_init                     - Undefined Weak Reference
    __alloca_initialize                       - Undefined Weak Reference
    __arm_preinit_                            - Undefined Weak Reference
    __cpp_initialize__aeabi_                  - Undefined Weak Reference
    __cxa_finalize                            - Undefined Weak Reference
    __rt_locale                               - Undefined Weak Reference
    __sigvec_lookup                           - Undefined Weak Reference
    _atexit_init                              - Undefined Weak Reference
    _call_atexit_fns                          - Undefined Weak Reference
    _clock_init                               - Undefined Weak Reference
    _fp_trap_init                             - Undefined Weak Reference
    _fp_trap_shutdown                         - Undefined Weak Reference
    _get_lc_collate                           - Undefined Weak Reference
    _get_lc_ctype                             - Undefined Weak Reference
    _get_lc_monetary                          - Undefined Weak Reference
    _get_lc_numeric                           - Undefined Weak Reference
    _get_lc_time                              - Undefined Weak Reference
    _getenv_init                              - Undefined Weak Reference
    _handle_redirection                       - Undefined Weak Reference
    _init_alloc                               - Undefined Weak Reference
    _init_user_alloc                          - Undefined Weak Reference
    _initio                                   - Undefined Weak Reference
    _mutex_acquire                            - Undefined Weak Reference
    _mutex_release                            - Undefined Weak Reference
    _printf_mbtowc                            - Undefined Weak Reference
    _printf_post_padding                      - Undefined Weak Reference
    _printf_pre_padding                       - Undefined Weak Reference
    _printf_truncate_signed                   - Undefined Weak Reference
    _printf_truncate_unsigned                 - Undefined Weak Reference
    _rand_init                                - Undefined Weak Reference
    _signal_finish                            - Undefined Weak Reference
    _signal_init                              - Undefined Weak Reference
    _terminate_alloc                          - Undefined Weak Reference
    _terminate_user_alloc                     - Undefined Weak Reference
    _terminateio                              - Undefined Weak Reference
    __Vectors_Size                           0x000000ec   Number         0  startup_stm32f10x_md.o ABSOLUTE
    __Vectors                                0x08000000   Data           4  startup_stm32f10x_md.o(RESET)
    __Vectors_End                            0x080000ec   Data           0  startup_stm32f10x_md.o(RESET)
    __main                                   0x080000ed   Thumb Code     8  __main.o(!!!main)
    __scatterload                            0x080000f5   Thumb Code     0  __scatter.o(!!!scatter)
    __scatterload_rt2                        0x080000f5   Thumb Code    44  __scatter.o(!!!scatter)
    __scatterload_rt2_thumb_only             0x080000f5   Thumb Code     0  __scatter.o(!!!scatter)
    __scatterload_null                       0x08000103   Thumb Code     0  __scatter.o(!!!scatter)
    __decompress                             0x08000129   Thumb Code    90  __dczerorl2.o(!!dczerorl2)
    __decompress1                            0x08000129   Thumb Code     0  __dczerorl2.o(!!dczerorl2)
    __scatterload_zeroinit                   0x08000185   Thumb Code    28  __scatter_zi.o(!!handler_zi)
    __rt_lib_init                            0x080001a1   Thumb Code     0  libinit.o(.ARM.Collect$$libinit$$00000000)
    __rt_lib_init_alloca_1                   0x080001a3   Thumb Code     0  libinit2.o(.ARM.Collect$$libinit$$0000002E)
    __rt_lib_init_argv_1                     0x080001a3   Thumb Code     0  libinit2.o(.ARM.Collect$$libinit$$0000002C)
    __rt_lib_init_atexit_1                   0x080001a3   Thumb Code     0  libinit2.o(.ARM.Collect$$libinit$$0000001B)
    __rt_lib_init_clock_1                    0x080001a3   Thumb Code     0  libinit2.o(.ARM.Collect$$libinit$$00000021)
    __rt_lib_init_cpp_1                      0x080001a3   Thumb Code     0  libinit2.o(.ARM.Collect$$libinit$$00000032)
    __rt_lib_init_exceptions_1               0x080001a3   Thumb Code     0  libinit2.o(.ARM.Collect$$libinit$$00000030)
    __rt_lib_init_fp_1                       0x080001a3   Thumb Code     0  libinit2.o(.ARM.Collect$$libinit$$00000002)
    __rt_lib_init_fp_trap_1                  0x080001a3   Thumb Code     0  libinit2.o(.ARM.Collect$$libinit$$0000001F)
    __rt_lib_init_getenv_1                   0x080001a3   Thumb Code     0  libinit2.o(.ARM.Collect$$libinit$$00000023)
    __rt_lib_init_heap_1                     0x080001a3   Thumb Code     0  libinit2.o(.ARM.Collect$$libinit$$0000000A)
    __rt_lib_init_lc_collate_1               0x080001a3   Thumb Code     0  libinit2.o(.ARM.Collect$$libinit$$00000011)
    __rt_lib_init_lc_ctype_1                 0x080001a3   Thumb Code     0  libinit2.o(.ARM.Collect$$libinit$$00000013)
    __rt_lib_init_lc_monetary_1              0x080001a3   Thumb Code     0  libinit2.o(.ARM.Collect$$libinit$$00000015)
    __rt_lib_init_lc_numeric_1               0x080001a3   Thumb Code     0  libinit2.o(.ARM.Collect$$libinit$$00000017)
    __rt_lib_init_lc_time_1                  0x080001a3   Thumb Code     0  libinit2.o(.ARM.Collect$$libinit$$00000019)
    __rt_lib_init_preinit_1                  0x080001a3   Thumb Code     0  libinit2.o(.ARM.Collect$$libinit$$00000004)
    __rt_lib_init_rand_1                     0x080001a3   Thumb Code     0  libinit2.o(.ARM.Collect$$libinit$$0000000E)
    __rt_lib_init_return                     0x080001a3   Thumb Code     0  libinit2.o(.ARM.Collect$$libinit$$00000033)
    __rt_lib_init_signal_1                   0x080001a3   Thumb Code     0  libinit2.o(.ARM.Collect$$libinit$$0000001D)
    __rt_lib_init_stdio_1                    0x080001a3   Thumb Code     0  libinit2.o(.ARM.Collect$$libinit$$00000025)
    __rt_lib_init_user_alloc_1               0x080001a3   Thumb Code     0  libinit2.o(.ARM.Collect$$libinit$$0000000C)
    __rt_lib_shutdown                        0x080001a5   Thumb Code     0  libshutdown.o(.ARM.Collect$$libshutdown$$00000000)
    __rt_lib_shutdown_cpp_1                  0x080001a7   Thumb Code     0  libshutdown2.o(.ARM.Collect$$libshutdown$$00000002)
    __rt_lib_shutdown_fp_trap_1              0x080001a7   Thumb Code     0  libshutdown2.o(.ARM.Collect$$libshutdown$$00000007)
    __rt_lib_shutdown_heap_1                 0x080001a7   Thumb Code     0  libshutdown2.o(.ARM.Collect$$libshutdown$$0000000F)
    __rt_lib_shutdown_return                 0x080001a7   Thumb Code     0  libshutdown2.o(.ARM.Collect$$libshutdown$$00000010)
    __rt_lib_shutdown_signal_1               0x080001a7   Thumb Code     0  libshutdown2.o(.ARM.Collect$$libshutdown$$0000000A)
    __rt_lib_shutdown_stdio_1                0x080001a7   Thumb Code     0  libshutdown2.o(.ARM.Collect$$libshutdown$$00000004)
    __rt_lib_shutdown_user_alloc_1           0x080001a7   Thumb Code     0  libshutdown2.o(.ARM.Collect$$libshutdown$$0000000C)
    __rt_entry                               0x080001a9   Thumb Code     0  __rtentry.o(.ARM.Collect$$rtentry$$00000000)
    __rt_entry_presh_1                       0x080001a9   Thumb Code     0  __rtentry2.o(.ARM.Collect$$rtentry$$00000002)
    __rt_entry_sh                            0x080001a9   Thumb Code     0  __rtentry4.o(.ARM.Collect$$rtentry$$00000004)
    __rt_entry_li                            0x080001af   Thumb Code     0  __rtentry2.o(.ARM.Collect$$rtentry$$0000000A)
    __rt_entry_postsh_1                      0x080001af   Thumb Code     0  __rtentry2.o(.ARM.Collect$$rtentry$$00000009)
    __rt_entry_main                          0x080001b3   Thumb Code     0  __rtentry2.o(.ARM.Collect$$rtentry$$0000000D)
    __rt_entry_postli_1                      0x080001b3   Thumb Code     0  __rtentry2.o(.ARM.Collect$$rtentry$$0000000C)
    __rt_exit                                0x080001bb   Thumb Code     0  rtexit.o(.ARM.Collect$$rtexit$$00000000)
    __rt_exit_ls                             0x080001bd   Thumb Code     0  rtexit2.o(.ARM.Collect$$rtexit$$00000003)
    __rt_exit_prels_1                        0x080001bd   Thumb Code     0  rtexit2.o(.ARM.Collect$$rtexit$$00000002)
    __rt_exit_exit                           0x080001c1   Thumb Code     0  rtexit2.o(.ARM.Collect$$rtexit$$00000004)
    pic_get_tnum                             0x080001c9   Thumb Code   106  main.o(.text)
    my_show_pic                              0x08000233   Thumb Code   898  main.o(.text)
    my_show_time                             0x080005b5   Thumb Code   670  main.o(.text)
    my_show_temper                           0x08000853   Thumb Code   334  main.o(.text)
    main                                     0x080009a1   Thumb Code    88  main.o(.text)
    GUI_DrawPoint                            0x08000a7d   Thumb Code    24  gui.o(.text)
    LCD_Fill                                 0x08000a95   Thumb Code   174  gui.o(.text)
    LCD_DrawLine                             0x08000b43   Thumb Code   176  gui.o(.text)
    LCD_DrawRectangle                        0x08000bf3   Thumb Code    64  gui.o(.text)
    LCD_DrawFillRectangle                    0x08000c33   Thumb Code    30  gui.o(.text)
    _draw_circle_8                           0x08000c51   Thumb Code   132  gui.o(.text)
    gui_circle                               0x08000cd5   Thumb Code   154  gui.o(.text)
    LCD_ShowChar1                            0x08000d6f   Thumb Code   276  gui.o(.text)
    LCD_ShowString1                          0x08000e83   Thumb Code   118  gui.o(.text)
    mypow                                    0x08000ef9   Thumb Code    22  gui.o(.text)
    LCD_ShowNum                              0x08000f0f   Thumb Code   168  gui.o(.text)
    GUI_DrawFont16                           0x08000fb7   Thumb Code   252  gui.o(.text)
    GUI_DrawFont24                           0x080010b3   Thumb Code   268  gui.o(.text)
    GUI_DrawFont32                           0x080011bf   Thumb Code   278  gui.o(.text)
    Show_Str1                                0x080012d5   Thumb Code   264  gui.o(.text)
    Gui_StrCenter                            0x080013dd   Thumb Code    68  gui.o(.text)
    Gui_Drawbmp16                            0x08001421   Thumb Code    90  gui.o(.text)
    delay_init                               0x08001481   Thumb Code    52  delay.o(.text)
    delay_ms                                 0x080014b5   Thumb Code    56  delay.o(.text)
    delay_us                                 0x080014ed   Thumb Code    56  delay.o(.text)
    SystemInit                               0x0800160b   Thumb Code    78  system_stm32f10x.o(.text)
    SystemCoreClockUpdate                    0x08001659   Thumb Code   142  system_stm32f10x.o(.text)
    KEY_Init                                 0x0800170d   Thumb Code   148  key.o(.text)
    KEY_Scan                                 0x080017a1   Thumb Code   152  key.o(.text)
    LCD_WR_REG                               0x08001845   Thumb Code    34  lcd.o(.text)
    LCD_WR_DATA                              0x08001867   Thumb Code    38  lcd.o(.text)
    LCD_DrawPoint_16Bit                      0x0800188d   Thumb Code    54  lcd.o(.text)
    LCD_WriteReg                             0x080018c3   Thumb Code    20  lcd.o(.text)
    LCD_WriteRAM_Prepare                     0x080018d7   Thumb Code    12  lcd.o(.text)
    LCD_SetCursor                            0x080018e3   Thumb Code    52  lcd.o(.text)
    LCD_DrawPoint                            0x08001917   Thumb Code    76  lcd.o(.text)
    LCD_SetWindows                           0x08001963   Thumb Code    78  lcd.o(.text)
    LCD_Clear                                0x080019b1   Thumb Code   108  lcd.o(.text)
    LCD_GPIOInit                             0x08001a1d   Thumb Code    84  lcd.o(.text)
    LCD_RESET                                0x08001a71   Thumb Code    30  lcd.o(.text)
    LCD_SetParam                             0x08001a8f   Thumb Code    40  lcd.o(.text)
    LCD_Init                                 0x08001ab7   Thumb Code   592  lcd.o(.text)
    LCD_ShowChar                             0x08001d07   Thumb Code   272  lcd.o(.text)
    LCD_ShowString                           0x08001e17   Thumb Code   102  lcd.o(.text)
    LCD_Color_Fill                           0x08001e7d   Thumb Code    92  lcd.o(.text)
    opt_delay                                0x08001ed9   Thumb Code    14  lcd.o(.text)
    LCD_ReadPoint                            0x08001ee7   Thumb Code   178  lcd.o(.text)
    SPI1_ReadWriteByte                       0x08001fbd   Thumb Code    78  spi.o(.text)
    SPI1_Init                                0x0800200b   Thumb Code   108  spi.o(.text)
    SPI1_SetSpeed                            0x08002077   Thumb Code    26  spi.o(.text)
    SD_SPI_ReadWriteByte                     0x0800209d   Thumb Code    12  mmc_sd.o(.text)
    SD_SPI_SpeedLow                          0x080020a9   Thumb Code    10  mmc_sd.o(.text)
    SD_SPI_SpeedHigh                         0x080020b3   Thumb Code    10  mmc_sd.o(.text)
    SD_SPI_Init                              0x080020bd   Thumb Code    56  mmc_sd.o(.text)
    SD_DisSelect                             0x080020f5   Thumb Code    16  mmc_sd.o(.text)
    SD_WaitReady                             0x08002105   Thumb Code    34  mmc_sd.o(.text)
    SD_Select                                0x08002127   Thumb Code    26  mmc_sd.o(.text)
    SD_GetResponse                           0x08002141   Thumb Code    38  mmc_sd.o(.text)
    SD_RecvData                              0x08002167   Thumb Code    56  mmc_sd.o(.text)
    SD_SendBlock                             0x0800219f   Thumb Code    82  mmc_sd.o(.text)
    SD_SendCmd                               0x080021f1   Thumb Code   120  mmc_sd.o(.text)
    SD_GetCID                                0x08002269   Thumb Code    42  mmc_sd.o(.text)
    SD_GetCSD                                0x08002293   Thumb Code    42  mmc_sd.o(.text)
    SD_GetSectorCount                        0x080022bd   Thumb Code   118  mmc_sd.o(.text)
    SD_Initialize                            0x08002333   Thumb Code   398  mmc_sd.o(.text)
    SD_ReadDisk                              0x080024c1   Thumb Code   112  mmc_sd.o(.text)
    SD_WriteDisk                             0x08002531   Thumb Code   140  mmc_sd.o(.text)
    mymemcpy                                 0x080025c1   Thumb Code    26  malloc.o(.text)
    mymemset                                 0x080025db   Thumb Code    20  malloc.o(.text)
    mem_init                                 0x080025ef   Thumb Code    36  malloc.o(.text)
    mem_perused                              0x08002613   Thumb Code    34  malloc.o(.text)
    mem_malloc                               0x08002635   Thumb Code   114  malloc.o(.text)
    mem_free                                 0x080026a7   Thumb Code    66  malloc.o(.text)
    myfree                                   0x080026e9   Thumb Code    24  malloc.o(.text)
    mymalloc                                 0x08002701   Thumb Code    28  malloc.o(.text)
    myrealloc                                0x0800271d   Thumb Code    50  malloc.o(.text)
    SPI_Flash_ReadID                         0x08002755   Thumb Code    64  flash.o(.text)
    SPI_Flash_Init                           0x08002795   Thumb Code    84  flash.o(.text)
    SPI_Flash_ReadSR                         0x080027e9   Thumb Code    36  flash.o(.text)
    SPI_FLASH_Write_SR                       0x0800280d   Thumb Code    32  flash.o(.text)
    SPI_FLASH_Write_Enable                   0x0800282d   Thumb Code    24  flash.o(.text)
    SPI_FLASH_Write_Disable                  0x08002845   Thumb Code    24  flash.o(.text)
    SPI_Flash_Read                           0x0800285d   Thumb Code    74  flash.o(.text)
    SPI_Flash_Wait_Busy                      0x080028a7   Thumb Code    18  flash.o(.text)
    SPI_Flash_Write_Page                     0x080028b9   Thumb Code    80  flash.o(.text)
    SPI_Flash_Write_NoCheck                  0x08002909   Thumb Code    70  flash.o(.text)
    SPI_Flash_Erase_Sector                   0x0800294f   Thumb Code    62  flash.o(.text)
    SPI_Flash_Write                          0x0800298d   Thumb Code   176  flash.o(.text)
    SPI_Flash_Erase_Chip                     0x08002a3d   Thumb Code    36  flash.o(.text)
    SPI_Flash_PowerDown                      0x08002a61   Thumb Code    30  flash.o(.text)
    SPI_Flash_WAKEUP                         0x08002a7f   Thumb Code    30  flash.o(.text)
    DS18B20_Rst                              0x08002ab5   Thumb Code    60  ds18b20.o(.text)
    DS18B20_Check                            0x08002af1   Thumb Code   102  ds18b20.o(.text)
    DS18B20_Read_Bit                         0x08002b57   Thumb Code   106  ds18b20.o(.text)
    DS18B20_Read_Byte                        0x08002bc1   Thumb Code    34  ds18b20.o(.text)
    DS18B20_Write_Byte                       0x08002be3   Thumb Code   108  ds18b20.o(.text)
    DS18B20_Start                            0x08002c4f   Thumb Code    24  ds18b20.o(.text)
    DS18B20_Init                             0x08002c67   Thumb Code    66  ds18b20.o(.text)
    DS18B20_Get_Temp                         0x08002ca9   Thumb Code   136  ds18b20.o(.text)
    _sys_exit                                0x08002d45   Thumb Code     6  usart.o(.text)
    fputc                                    0x08002d4b   Thumb Code    24  usart.o(.text)
    uart_init                                0x08002d63   Thumb Code   152  usart.o(.text)
    USART1_IRQHandler                        0x08002dfb   Thumb Code   122  usart.o(.text)
    DS1302_Configuration                     0x08002e85   Thumb Code    74  ds1302.o(.text)
    DS1302SendByte                           0x08002f05   Thumb Code    64  ds1302.o(.text)
    DS1302ReceiveByte                        0x08002f45   Thumb Code    56  ds1302.o(.text)
    Write1302                                0x08002f7d   Thumb Code    66  ds1302.o(.text)
    Read1302                                 0x08002fbf   Thumb Code    74  ds1302.o(.text)
    DS1302_GetTime                           0x08003009   Thumb Code    62  ds1302.o(.text)
    ReadDS1302Ram                            0x08003047   Thumb Code    24  ds1302.o(.text)
    WriteDS1302Ram                           0x0800305f   Thumb Code    40  ds1302.o(.text)
    ReadDSRam                                0x08003087   Thumb Code    48  ds1302.o(.text)
    WriteDSRam                               0x080030b7   Thumb Code    48  ds1302.o(.text)
    Read_DS1302_Time                         0x080030e7   Thumb Code   108  ds1302.o(.text)
    Write_DS1302_Time                        0x08003153   Thumb Code   114  ds1302.o(.text)
    InitClock                                0x080031c5   Thumb Code    70  ds1302.o(.text)
    Init_DS1302                              0x0800320b   Thumb Code    54  ds1302.o(.text)
    Reset_Handler                            0x0800324d   Thumb Code     8  startup_stm32f10x_md.o(.text)
    NMI_Handler                              0x08003255   Thumb Code     2  startup_stm32f10x_md.o(.text)
    HardFault_Handler                        0x08003257   Thumb Code     2  startup_stm32f10x_md.o(.text)
    MemManage_Handler                        0x08003259   Thumb Code     2  startup_stm32f10x_md.o(.text)
    BusFault_Handler                         0x0800325b   Thumb Code     2  startup_stm32f10x_md.o(.text)
    UsageFault_Handler                       0x0800325d   Thumb Code     2  startup_stm32f10x_md.o(.text)
    SVC_Handler                              0x0800325f   Thumb Code     2  startup_stm32f10x_md.o(.text)
    DebugMon_Handler                         0x08003261   Thumb Code     2  startup_stm32f10x_md.o(.text)
    PendSV_Handler                           0x08003263   Thumb Code     2  startup_stm32f10x_md.o(.text)
    SysTick_Handler                          0x08003265   Thumb Code     2  startup_stm32f10x_md.o(.text)
    ADC1_2_IRQHandler                        0x08003267   Thumb Code     0  startup_stm32f10x_md.o(.text)
    CAN1_RX1_IRQHandler                      0x08003267   Thumb Code     0  startup_stm32f10x_md.o(.text)
    CAN1_SCE_IRQHandler                      0x08003267   Thumb Code     0  startup_stm32f10x_md.o(.text)
    DMA1_Channel1_IRQHandler                 0x08003267   Thumb Code     0  startup_stm32f10x_md.o(.text)
    DMA1_Channel2_IRQHandler                 0x08003267   Thumb Code     0  startup_stm32f10x_md.o(.text)
    DMA1_Channel3_IRQHandler                 0x08003267   Thumb Code     0  startup_stm32f10x_md.o(.text)
    DMA1_Channel4_IRQHandler                 0x08003267   Thumb Code     0  startup_stm32f10x_md.o(.text)
    DMA1_Channel5_IRQHandler                 0x08003267   Thumb Code     0  startup_stm32f10x_md.o(.text)
    DMA1_Channel6_IRQHandler                 0x08003267   Thumb Code     0  startup_stm32f10x_md.o(.text)
    DMA1_Channel7_IRQHandler                 0x08003267   Thumb Code     0  startup_stm32f10x_md.o(.text)
    EXTI0_IRQHandler                         0x08003267   Thumb Code     0  startup_stm32f10x_md.o(.text)
    EXTI15_10_IRQHandler                     0x08003267   Thumb Code     0  startup_stm32f10x_md.o(.text)
    EXTI1_IRQHandler                         0x08003267   Thumb Code     0  startup_stm32f10x_md.o(.text)
    EXTI2_IRQHandler                         0x08003267   Thumb Code     0  startup_stm32f10x_md.o(.text)
    EXTI3_IRQHandler                         0x08003267   Thumb Code     0  startup_stm32f10x_md.o(.text)
    EXTI4_IRQHandler                         0x08003267   Thumb Code     0  startup_stm32f10x_md.o(.text)
    EXTI9_5_IRQHandler                       0x08003267   Thumb Code     0  startup_stm32f10x_md.o(.text)
    FLASH_IRQHandler                         0x08003267   Thumb Code     0  startup_stm32f10x_md.o(.text)
    I2C1_ER_IRQHandler                       0x08003267   Thumb Code     0  startup_stm32f10x_md.o(.text)
    I2C1_EV_IRQHandler                       0x08003267   Thumb Code     0  startup_stm32f10x_md.o(.text)
    I2C2_ER_IRQHandler                       0x08003267   Thumb Code     0  startup_stm32f10x_md.o(.text)
    I2C2_EV_IRQHandler                       0x08003267   Thumb Code     0  startup_stm32f10x_md.o(.text)
    PVD_IRQHandler                           0x08003267   Thumb Code     0  startup_stm32f10x_md.o(.text)
    RCC_IRQHandler                           0x08003267   Thumb Code     0  startup_stm32f10x_md.o(.text)
    RTCAlarm_IRQHandler                      0x08003267   Thumb Code     0  startup_stm32f10x_md.o(.text)
    RTC_IRQHandler                           0x08003267   Thumb Code     0  startup_stm32f10x_md.o(.text)
    SPI1_IRQHandler                          0x08003267   Thumb Code     0  startup_stm32f10x_md.o(.text)
    SPI2_IRQHandler                          0x08003267   Thumb Code     0  startup_stm32f10x_md.o(.text)
    TAMPER_IRQHandler                        0x08003267   Thumb Code     0  startup_stm32f10x_md.o(.text)
    TIM1_BRK_IRQHandler                      0x08003267   Thumb Code     0  startup_stm32f10x_md.o(.text)
    TIM1_CC_IRQHandler                       0x08003267   Thumb Code     0  startup_stm32f10x_md.o(.text)
    TIM1_TRG_COM_IRQHandler                  0x08003267   Thumb Code     0  startup_stm32f10x_md.o(.text)
    TIM1_UP_IRQHandler                       0x08003267   Thumb Code     0  startup_stm32f10x_md.o(.text)
    TIM2_IRQHandler                          0x08003267   Thumb Code     0  startup_stm32f10x_md.o(.text)
    TIM3_IRQHandler                          0x08003267   Thumb Code     0  startup_stm32f10x_md.o(.text)
    TIM4_IRQHandler                          0x08003267   Thumb Code     0  startup_stm32f10x_md.o(.text)
    USART2_IRQHandler                        0x08003267   Thumb Code     0  startup_stm32f10x_md.o(.text)
    USART3_IRQHandler                        0x08003267   Thumb Code     0  startup_stm32f10x_md.o(.text)
    USBWakeUp_IRQHandler                     0x08003267   Thumb Code     0  startup_stm32f10x_md.o(.text)
    USB_HP_CAN1_TX_IRQHandler                0x08003267   Thumb Code     0  startup_stm32f10x_md.o(.text)
    USB_LP_CAN1_RX0_IRQHandler               0x08003267   Thumb Code     0  startup_stm32f10x_md.o(.text)
    WWDG_IRQHandler                          0x08003267   Thumb Code     0  startup_stm32f10x_md.o(.text)
    __user_initial_stackheap                 0x08003269   Thumb Code     0  startup_stm32f10x_md.o(.text)
    NVIC_PriorityGroupConfig                 0x0800328d   Thumb Code    10  misc.o(.text)
    NVIC_Init                                0x08003297   Thumb Code   100  misc.o(.text)
    NVIC_SetVectorTable                      0x080032fb   Thumb Code    14  misc.o(.text)
    NVIC_SystemLPConfig                      0x08003309   Thumb Code    34  misc.o(.text)
    SysTick_CLKSourceConfig                  0x0800332b   Thumb Code    40  misc.o(.text)
    GPIO_DeInit                              0x08003369   Thumb Code   172  stm32f10x_gpio.o(.text)
    GPIO_AFIODeInit                          0x08003415   Thumb Code    20  stm32f10x_gpio.o(.text)
    GPIO_Init                                0x08003429   Thumb Code   278  stm32f10x_gpio.o(.text)
    GPIO_StructInit                          0x0800353f   Thumb Code    16  stm32f10x_gpio.o(.text)
    GPIO_ReadInputDataBit                    0x0800354f   Thumb Code    18  stm32f10x_gpio.o(.text)
    GPIO_ReadInputData                       0x08003561   Thumb Code     8  stm32f10x_gpio.o(.text)
    GPIO_ReadOutputDataBit                   0x08003569   Thumb Code    18  stm32f10x_gpio.o(.text)
    GPIO_ReadOutputData                      0x0800357b   Thumb Code     8  stm32f10x_gpio.o(.text)
    GPIO_SetBits                             0x08003583   Thumb Code     4  stm32f10x_gpio.o(.text)
    GPIO_ResetBits                           0x08003587   Thumb Code     4  stm32f10x_gpio.o(.text)
    GPIO_WriteBit                            0x0800358b   Thumb Code    10  stm32f10x_gpio.o(.text)
    GPIO_Write                               0x08003595   Thumb Code     4  stm32f10x_gpio.o(.text)
    GPIO_PinLockConfig                       0x08003599   Thumb Code    18  stm32f10x_gpio.o(.text)
    GPIO_EventOutputConfig                   0x080035ab   Thumb Code    26  stm32f10x_gpio.o(.text)
    GPIO_EventOutputCmd                      0x080035c5   Thumb Code     6  stm32f10x_gpio.o(.text)
    GPIO_PinRemapConfig                      0x080035cb   Thumb Code   138  stm32f10x_gpio.o(.text)
    GPIO_EXTILineConfig                      0x08003655   Thumb Code    66  stm32f10x_gpio.o(.text)
    GPIO_ETH_MediaInterfaceConfig            0x08003697   Thumb Code     8  stm32f10x_gpio.o(.text)
    RCC_DeInit                               0x080036c5   Thumb Code    64  stm32f10x_rcc.o(.text)
    RCC_HSEConfig                            0x08003705   Thumb Code    70  stm32f10x_rcc.o(.text)
    RCC_GetFlagStatus                        0x0800374b   Thumb Code    56  stm32f10x_rcc.o(.text)
    RCC_WaitForHSEStartUp                    0x08003783   Thumb Code    56  stm32f10x_rcc.o(.text)
    RCC_AdjustHSICalibrationValue            0x080037bb   Thumb Code    20  stm32f10x_rcc.o(.text)
    RCC_HSICmd                               0x080037cf   Thumb Code     6  stm32f10x_rcc.o(.text)
    RCC_PLLConfig                            0x080037d5   Thumb Code    24  stm32f10x_rcc.o(.text)
    RCC_PLLCmd                               0x080037ed   Thumb Code     6  stm32f10x_rcc.o(.text)
    RCC_SYSCLKConfig                         0x080037f3   Thumb Code    18  stm32f10x_rcc.o(.text)
    RCC_GetSYSCLKSource                      0x08003805   Thumb Code    10  stm32f10x_rcc.o(.text)
    RCC_HCLKConfig                           0x0800380f   Thumb Code    18  stm32f10x_rcc.o(.text)
    RCC_PCLK1Config                          0x08003821   Thumb Code    18  stm32f10x_rcc.o(.text)
    RCC_PCLK2Config                          0x08003833   Thumb Code    20  stm32f10x_rcc.o(.text)
    RCC_ITConfig                             0x08003847   Thumb Code    26  stm32f10x_rcc.o(.text)
    RCC_USBCLKConfig                         0x08003861   Thumb Code     8  stm32f10x_rcc.o(.text)
    RCC_ADCCLKConfig                         0x08003869   Thumb Code    18  stm32f10x_rcc.o(.text)
    RCC_LSEConfig                            0x0800387b   Thumb Code    50  stm32f10x_rcc.o(.text)
    RCC_LSICmd                               0x080038ad   Thumb Code     6  stm32f10x_rcc.o(.text)
    RCC_RTCCLKConfig                         0x080038b3   Thumb Code    12  stm32f10x_rcc.o(.text)
    RCC_RTCCLKCmd                            0x080038bf   Thumb Code     8  stm32f10x_rcc.o(.text)
    RCC_GetClocksFreq                        0x080038c7   Thumb Code   192  stm32f10x_rcc.o(.text)
    RCC_AHBPeriphClockCmd                    0x08003987   Thumb Code    26  stm32f10x_rcc.o(.text)
    RCC_APB2PeriphClockCmd                   0x080039a1   Thumb Code    26  stm32f10x_rcc.o(.text)
    RCC_APB1PeriphClockCmd                   0x080039bb   Thumb Code    26  stm32f10x_rcc.o(.text)
    RCC_APB2PeriphResetCmd                   0x080039d5   Thumb Code    26  stm32f10x_rcc.o(.text)
    RCC_APB1PeriphResetCmd                   0x080039ef   Thumb Code    26  stm32f10x_rcc.o(.text)
    RCC_BackupResetCmd                       0x08003a09   Thumb Code     8  stm32f10x_rcc.o(.text)
    RCC_ClockSecuritySystemCmd               0x08003a11   Thumb Code     6  stm32f10x_rcc.o(.text)
    RCC_MCOConfig                            0x08003a17   Thumb Code     6  stm32f10x_rcc.o(.text)
    RCC_ClearFlag                            0x08003a1d   Thumb Code    14  stm32f10x_rcc.o(.text)
    RCC_GetITStatus                          0x08003a2b   Thumb Code    20  stm32f10x_rcc.o(.text)
    RCC_ClearITPendingBit                    0x08003a3f   Thumb Code     6  stm32f10x_rcc.o(.text)
    SPI_I2S_DeInit                           0x08003a69   Thumb Code    76  stm32f10x_spi.o(.text)
    SPI_Init                                 0x08003ab5   Thumb Code    60  stm32f10x_spi.o(.text)
    I2S_Init                                 0x08003af1   Thumb Code   226  stm32f10x_spi.o(.text)
    SPI_StructInit                           0x08003bd3   Thumb Code    24  stm32f10x_spi.o(.text)
    I2S_StructInit                           0x08003beb   Thumb Code    20  stm32f10x_spi.o(.text)
    SPI_Cmd                                  0x08003bff   Thumb Code    24  stm32f10x_spi.o(.text)
    I2S_Cmd                                  0x08003c17   Thumb Code    24  stm32f10x_spi.o(.text)
    SPI_I2S_ITConfig                         0x08003c2f   Thumb Code    32  stm32f10x_spi.o(.text)
    SPI_I2S_DMACmd                           0x08003c4f   Thumb Code    18  stm32f10x_spi.o(.text)
    SPI_I2S_SendData                         0x08003c61   Thumb Code     4  stm32f10x_spi.o(.text)
    SPI_I2S_ReceiveData                      0x08003c65   Thumb Code     6  stm32f10x_spi.o(.text)
    SPI_NSSInternalSoftwareConfig            0x08003c6b   Thumb Code    30  stm32f10x_spi.o(.text)
    SPI_SSOutputCmd                          0x08003c89   Thumb Code    24  stm32f10x_spi.o(.text)
    SPI_DataSizeConfig                       0x08003ca1   Thumb Code    18  stm32f10x_spi.o(.text)
    SPI_TransmitCRC                          0x08003cb3   Thumb Code    10  stm32f10x_spi.o(.text)
    SPI_CalculateCRC                         0x08003cbd   Thumb Code    24  stm32f10x_spi.o(.text)
    SPI_GetCRC                               0x08003cd5   Thumb Code    16  stm32f10x_spi.o(.text)
    SPI_GetCRCPolynomial                     0x08003ce5   Thumb Code     6  stm32f10x_spi.o(.text)
    SPI_BiDirectionalLineConfig              0x08003ceb   Thumb Code    28  stm32f10x_spi.o(.text)
    SPI_I2S_GetFlagStatus                    0x08003d07   Thumb Code    18  stm32f10x_spi.o(.text)
    SPI_I2S_ClearFlag                        0x08003d19   Thumb Code     6  stm32f10x_spi.o(.text)
    SPI_I2S_GetITStatus                      0x08003d1f   Thumb Code    52  stm32f10x_spi.o(.text)
    SPI_I2S_ClearITPendingBit                0x08003d53   Thumb Code    20  stm32f10x_spi.o(.text)
    USART_DeInit                             0x08003d75   Thumb Code   134  stm32f10x_usart.o(.text)
    USART_Init                               0x08003dfb   Thumb Code   210  stm32f10x_usart.o(.text)
    USART_StructInit                         0x08003ecd   Thumb Code    24  stm32f10x_usart.o(.text)
    USART_ClockInit                          0x08003ee5   Thumb Code    34  stm32f10x_usart.o(.text)
    USART_ClockStructInit                    0x08003f07   Thumb Code    12  stm32f10x_usart.o(.text)
    USART_Cmd                                0x08003f13   Thumb Code    24  stm32f10x_usart.o(.text)
    USART_ITConfig                           0x08003f2b   Thumb Code    74  stm32f10x_usart.o(.text)
    USART_DMACmd                             0x08003f75   Thumb Code    18  stm32f10x_usart.o(.text)
    USART_SetAddress                         0x08003f87   Thumb Code    18  stm32f10x_usart.o(.text)
    USART_WakeUpConfig                       0x08003f99   Thumb Code    18  stm32f10x_usart.o(.text)
    USART_ReceiverWakeUpCmd                  0x08003fab   Thumb Code    24  stm32f10x_usart.o(.text)
    USART_LINBreakDetectLengthConfig         0x08003fc3   Thumb Code    18  stm32f10x_usart.o(.text)
    USART_LINCmd                             0x08003fd5   Thumb Code    24  stm32f10x_usart.o(.text)
    USART_SendData                           0x08003fed   Thumb Code     8  stm32f10x_usart.o(.text)
    USART_ReceiveData                        0x08003ff5   Thumb Code    10  stm32f10x_usart.o(.text)
    USART_SendBreak                          0x08003fff   Thumb Code    10  stm32f10x_usart.o(.text)
    USART_SetGuardTime                       0x08004009   Thumb Code    16  stm32f10x_usart.o(.text)
    USART_SetPrescaler                       0x08004019   Thumb Code    16  stm32f10x_usart.o(.text)
    USART_SmartCardCmd                       0x08004029   Thumb Code    24  stm32f10x_usart.o(.text)
    USART_SmartCardNACKCmd                   0x08004041   Thumb Code    24  stm32f10x_usart.o(.text)
    USART_HalfDuplexCmd                      0x08004059   Thumb Code    24  stm32f10x_usart.o(.text)
    USART_OverSampling8Cmd                   0x08004071   Thumb Code    22  stm32f10x_usart.o(.text)
    USART_OneBitMethodCmd                    0x08004087   Thumb Code    24  stm32f10x_usart.o(.text)
    USART_IrDAConfig                         0x0800409f   Thumb Code    18  stm32f10x_usart.o(.text)
    USART_IrDACmd                            0x080040b1   Thumb Code    24  stm32f10x_usart.o(.text)
    USART_GetFlagStatus                      0x080040c9   Thumb Code    26  stm32f10x_usart.o(.text)
    USART_ClearFlag                          0x080040e3   Thumb Code    18  stm32f10x_usart.o(.text)
    USART_GetITStatus                        0x080040f5   Thumb Code    84  stm32f10x_usart.o(.text)
    USART_ClearITPendingBit                  0x08004149   Thumb Code    52  stm32f10x_usart.o(.text)
    disk_initialize                          0x0800417d   Thumb Code    88  diskio.o(.text)
    disk_status                              0x080041d5   Thumb Code     6  diskio.o(.text)
    disk_read                                0x080041db   Thumb Code   118  diskio.o(.text)
    disk_write                               0x08004251   Thumb Code    98  diskio.o(.text)
    disk_ioctl                               0x080042b3   Thumb Code   154  diskio.o(.text)
    get_fattime                              0x0800434d   Thumb Code     4  diskio.o(.text)
    ff_memalloc                              0x08004351   Thumb Code    12  diskio.o(.text)
    ff_memfree                               0x0800435d   Thumb Code    12  diskio.o(.text)
    clust2sect                               0x08004523   Thumb Code    26  ff.o(.text)
    get_fat                                  0x0800453d   Thumb Code   232  ff.o(.text)
    put_fat                                  0x08004625   Thumb Code   310  ff.o(.text)
    dir_sdi                                  0x080048cf   Thumb Code   158  ff.o(.text)
    f_mount                                  0x08005937   Thumb Code    86  ff.o(.text)
    f_open                                   0x0800598d   Thumb Code   384  ff.o(.text)
    f_read                                   0x08005b0d   Thumb Code   450  ff.o(.text)
    f_write                                  0x08005ccf   Thumb Code   498  ff.o(.text)
    f_sync                                   0x08005ec1   Thumb Code   176  ff.o(.text)
    f_close                                  0x08005f71   Thumb Code    32  ff.o(.text)
    f_lseek                                  0x08005f91   Thumb Code   654  ff.o(.text)
    f_opendir                                0x0800621f   Thumb Code   136  ff.o(.text)
    f_closedir                               0x080062a7   Thumb Code    22  ff.o(.text)
    f_readdir                                0x080062bd   Thumb Code   114  ff.o(.text)
    f_stat                                   0x0800632f   Thumb Code    84  ff.o(.text)
    f_getfree                                0x08006383   Thumb Code   258  ff.o(.text)
    f_truncate                               0x08006485   Thumb Code   184  ff.o(.text)
    f_unlink                                 0x0800653d   Thumb Code   194  ff.o(.text)
    f_mkdir                                  0x080065ff   Thumb Code   380  ff.o(.text)
    f_chmod                                  0x0800677b   Thumb Code   112  ff.o(.text)
    f_utime                                  0x080067eb   Thumb Code   110  ff.o(.text)
    f_rename                                 0x08006859   Thumb Code   314  ff.o(.text)
    f_getlabel                               0x08006993   Thumb Code   190  ff.o(.text)
    f_setlabel                               0x08006a51   Thumb Code   470  ff.o(.text)
    f_mkfs                                   0x08006c27   Thumb Code  1570  ff.o(.text)
    f_gets                                   0x08007249   Thumb Code    82  ff.o(.text)
    f_putc                                   0x080072df   Thumb Code    64  ff.o(.text)
    f_puts                                   0x0800731f   Thumb Code    74  ff.o(.text)
    f_printf                                 0x08007369   Thumb Code   674  ff.o(.text)
    exfuns_init                              0x0800760d   Thumb Code   100  exfuns.o(.text)
    char_upper                               0x08007671   Thumb Code    26  exfuns.o(.text)
    f_typetell                               0x0800768b   Thumb Code   188  exfuns.o(.text)
    exf_getfree                              0x08007747   Thumb Code    74  exfuns.o(.text)
    ff_convert                               0x080077a5   Thumb Code   112  cc936.o(.text)
    ff_wtoupper                              0x08007815   Thumb Code    46  cc936.o(.text)
    fupd_prog                                0x08007855   Thumb Code   134  fontupd.o(.text)
    updata_fontx                             0x080078db   Thumb Code   340  fontupd.o(.text)
    update_font                              0x08007a2f   Thumb Code   330  fontupd.o(.text)
    font_init                                0x08007b79   Thumb Code    34  fontupd.o(.text)
    Get_HzMat                                0x08007c19   Thumb Code   220  text.o(.text)
    Show_Font                                0x08007cf5   Thumb Code   190  text.o(.text)
    Show_Str                                 0x08007db3   Thumb Code   192  text.o(.text)
    Show_Str_Mid                             0x08007e73   Thumb Code   106  text.o(.text)
    stdbmp_decode                            0x08007eed   Thumb Code   712  bmp.o(.text)
    minibmp_decode                           0x080081b5   Thumb Code   932  bmp.o(.text)
    bmp_encode                               0x08008559   Thumb Code   486  bmp.o(.text)
    jd_prepare                               0x080092ed   Thumb Code   924  tjpgd.o(.text)
    jd_decomp                                0x08009689   Thumb Code   162  tjpgd.o(.text)
    jpeg_mallocall                           0x0800972b   Thumb Code    70  tjpgd.o(.text)
    jpeg_freeall                             0x08009771   Thumb Code    28  tjpgd.o(.text)
    jpeg_in_func                             0x0800978d   Thumb Code    48  tjpgd.o(.text)
    jpeg_out_func_fill                       0x080097bd   Thumb Code    74  tjpgd.o(.text)
    jpeg_out_func_point                      0x08009807   Thumb Code   182  tjpgd.o(.text)
    jpg_decode                               0x080098bd   Thumb Code   234  tjpgd.o(.text)
    gif_check_head                           0x080099bd   Thumb Code    88  gif.o(.text)
    gif_getrgb565                            0x08009a15   Thumb Code    28  gif.o(.text)
    gif_readcolortbl                         0x08009a31   Thumb Code    64  gif.o(.text)
    gif_getinfo                              0x08009a71   Thumb Code    70  gif.o(.text)
    gif_savegctbl                            0x08009ab7   Thumb Code    38  gif.o(.text)
    gif_recovergctbl                         0x08009add   Thumb Code    38  gif.o(.text)
    gif_initlzw                              0x08009b03   Thumb Code   152  gif.o(.text)
    gif_getdatablock                         0x08009b9b   Thumb Code    96  gif.o(.text)
    gif_readextension                        0x08009bfb   Thumb Code   160  gif.o(.text)
    gif_getnextcode                          0x08009c9b   Thumb Code   452  gif.o(.text)
    gif_getnextbyte                          0x08009e5f   Thumb Code   856  gif.o(.text)
    gif_dispimage                            0x0800a1b7   Thumb Code   544  gif.o(.text)
    gif_clear2bkcolor                        0x0800a3d7   Thumb Code   496  gif.o(.text)
    gif_drawimage                            0x0800a5c7   Thumb Code   352  gif.o(.text)
    gif_quit                                 0x0800a727   Thumb Code     8  gif.o(.text)
    gif_decode                               0x0800a72f   Thumb Code   296  gif.o(.text)
    piclib_draw_hline                        0x0800a85d   Thumb Code    52  piclib.o(.text)
    piclib_fill_color                        0x0800a891   Thumb Code    44  piclib.o(.text)
    piclib_init                              0x0800a8bd   Thumb Code    62  piclib.o(.text)
    piclib_alpha_blend                       0x0800a8fb   Thumb Code    42  piclib.o(.text)
    ai_draw_init                             0x0800a925   Thumb Code   264  piclib.o(.text)
    is_element_ok                            0x0800aa2d   Thumb Code    36  piclib.o(.text)
    ai_load_picfile                          0x0800aa51   Thumb Code   194  piclib.o(.text)
    __use_no_semihosting                     0x0800ab31   Thumb Code     2  use_no_semi_2.o(.text)
    strcpy                                   0x0800ab33   Thumb Code    72  strcpy.o(.text)
    strlen                                   0x0800ab7b   Thumb Code    62  strlen.o(.text)
    strcat                                   0x0800abb9   Thumb Code    24  strcat.o(.text)
    strcmp                                   0x0800abd1   Thumb Code   128  strcmpv7m.o(.text)
    __use_two_region_memory                  0x0800ac51   Thumb Code     2  heapauxi.o(.text)
    __rt_heap_escrow$2region                 0x0800ac53   Thumb Code     2  heapauxi.o(.text)
    __rt_heap_expand$2region                 0x0800ac55   Thumb Code     2  heapauxi.o(.text)
    __I$use$semihosting                      0x0800ac57   Thumb Code     0  use_no_semi.o(.text)
    __use_no_semihosting_swi                 0x0800ac57   Thumb Code     2  use_no_semi.o(.text)
    __user_libspace                          0x0800ac59   Thumb Code     8  libspace.o(.text)
    __user_perproc_libspace                  0x0800ac59   Thumb Code     0  libspace.o(.text)
    __user_perthread_libspace                0x0800ac59   Thumb Code     0  libspace.o(.text)
    __user_setup_stackheap                   0x0800ac61   Thumb Code    74  sys_stackheap_outer.o(.text)
    exit                                     0x0800acab   Thumb Code    18  exit.o(.text)
    __aeabi_d2iz                             0x0800acbd   Thumb Code     0  dfix.o(x$fpl$dfix)
    _dfix                                    0x0800acbd   Thumb Code    94  dfix.o(x$fpl$dfix)
    __aeabi_dmul                             0x0800ad1d   Thumb Code     0  dmul.o(x$fpl$dmul)
    _dmul                                    0x0800ad1d   Thumb Code   332  dmul.o(x$fpl$dmul)
    __fpl_dnaninf                            0x0800ae71   Thumb Code   156  dnaninf.o(x$fpl$dnaninf)
    __fpl_dretinf                            0x0800af0d   Thumb Code    12  dretinf.o(x$fpl$dretinf)
    __aeabi_f2d                              0x0800af19   Thumb Code     0  f2d.o(x$fpl$f2d)
    _f2d                                     0x0800af19   Thumb Code    86  f2d.o(x$fpl$f2d)
    __aeabi_fadd                             0x0800af71   Thumb Code     0  faddsub_clz.o(x$fpl$fadd)
    _fadd                                    0x0800af71   Thumb Code   196  faddsub_clz.o(x$fpl$fadd)
    __fpl_fcmp_Inf                           0x0800b035   Thumb Code    24  fcmpi.o(x$fpl$fcmpinf)
    __aeabi_fdiv                             0x0800b04d   Thumb Code     0  fdiv.o(x$fpl$fdiv)
    _fdiv                                    0x0800b04d   Thumb Code   384  fdiv.o(x$fpl$fdiv)
    __aeabi_cfcmpeq                          0x0800b1d1   Thumb Code     0  feqf.o(x$fpl$feqf)
    _fcmpeq                                  0x0800b1d1   Thumb Code   104  feqf.o(x$fpl$feqf)
    __aeabi_f2uiz                            0x0800b239   Thumb Code     0  ffixu.o(x$fpl$ffixu)
    _ffixu                                   0x0800b239   Thumb Code    62  ffixu.o(x$fpl$ffixu)
    __aeabi_i2f                              0x0800b279   Thumb Code     0  fflt_clz.o(x$fpl$fflt)
    _fflt                                    0x0800b279   Thumb Code    48  fflt_clz.o(x$fpl$fflt)
    __aeabi_ui2f                             0x0800b2a9   Thumb Code     0  fflt_clz.o(x$fpl$ffltu)
    _ffltu                                   0x0800b2a9   Thumb Code    38  fflt_clz.o(x$fpl$ffltu)
    __aeabi_cfcmple                          0x0800b2d1   Thumb Code     0  fleqf.o(x$fpl$fleqf)
    _fcmple                                  0x0800b2d1   Thumb Code   104  fleqf.o(x$fpl$fleqf)
    __fpl_fcmple_InfNaN                      0x0800b323   Thumb Code     0  fleqf.o(x$fpl$fleqf)
    __aeabi_fmul                             0x0800b339   Thumb Code     0  fmul.o(x$fpl$fmul)
    _fmul                                    0x0800b339   Thumb Code   258  fmul.o(x$fpl$fmul)
    __fpl_fnaninf                            0x0800b43b   Thumb Code   140  fnaninf.o(x$fpl$fnaninf)
    __fpl_fretinf                            0x0800b4c7   Thumb Code    10  fretinf.o(x$fpl$fretinf)
    __aeabi_cfrcmple                         0x0800b4d1   Thumb Code     0  frleqf.o(x$fpl$frleqf)
    _frcmple                                 0x0800b4d1   Thumb Code    98  frleqf.o(x$fpl$frleqf)
    __aeabi_fsub                             0x0800b535   Thumb Code     0  faddsub_clz.o(x$fpl$fsub)
    _fsub                                    0x0800b535   Thumb Code   234  faddsub_clz.o(x$fpl$fsub)
    __I$use$fp                               0x0800b61e   Number         0  usenofp.o(x$fpl$usenofp)
    asc2_1206                                0x0800b61e   Data        1140  gui.o(.constdata)
    asc2_1608                                0x0800ba92   Data        1520  gui.o(.constdata)
    tfont16                                  0x0800c082   Data        1564  gui.o(.constdata)
    tfont24                                  0x0800c69e   Data         518  gui.o(.constdata)
    tfont32                                  0x0800c8a4   Data         520  gui.o(.constdata)
    my_asc2_1206                             0x0800caac   Data        1140  lcd.o(.constdata)
    my_asc2_1608                             0x0800cf20   Data        1520  lcd.o(.constdata)
    my_asc2_2412                             0x0800d510   Data        3420  lcd.o(.constdata)
    _aMaskTbl                                0x0800eb2e   Data          32  gif.o(.constdata)
    _aInterlaceOffset                        0x0800eb4e   Data           4  gif.o(.constdata)
    _aInterlaceYPos                          0x0800eb52   Data           4  gif.o(.constdata)
    Region$$Table$$Base                      0x0800ec2c   Number         0  anon$$obj.o(Region$$Table)
    Region$$Table$$Limit                     0x0800ec4c   Number         0  anon$$obj.o(Region$$Table)
    key                                      0x20000000   Data           1  main.o(.data)
    SystemCoreClock                          0x20000008   Data           4  system_stm32f10x.o(.data)
    AHBPrescTable                            0x2000000c   Data          16  system_stm32f10x.o(.data)
    POINT_COLOR                              0x2000001e   Data           2  lcd.o(.data)
    BACK_COLOR                               0x20000020   Data           2  lcd.o(.data)
    DeviceCode                               0x20000022   Data           2  lcd.o(.data)
    SD_Type                                  0x20000024   Data           1  mmc_sd.o(.data)
    mallco_dev                               0x20000028   Data          20  malloc.o(.data)
    SPI_FLASH_TYPE                           0x2000003c   Data           2  flash.o(.data)
    __stdout                                 0x20000040   Data           4  usart.o(.data)
    USART_RX_STA                             0x20000044   Data           1  usart.o(.data)
    time                                     0x20000046   Data           7  ds1302.o(.data)
    time_ascii1                              0x2000004d   Data          11  ds1302.o(.data)
    time_ascii2                              0x20000058   Data           9  ds1302.o(.data)
    FLASH_SECTOR_COUNT                       0x2000007a   Data           2  diskio.o(.data)
    FILE_TYPE_TBL                            0x20000088   Data         312  exfuns.o(.data)
    fs                                       0x200001c0   Data           8  exfuns.o(.data)
    file                                     0x200001c8   Data           4  exfuns.o(.data)
    ftemp                                    0x200001cc   Data           4  exfuns.o(.data)
    br                                       0x200001d0   Data           4  exfuns.o(.data)
    bw                                       0x200001d4   Data           4  exfuns.o(.data)
    fatbuf                                   0x200001d8   Data           4  exfuns.o(.data)
    GBK24_PATH                               0x200001dc   Data           4  fontupd.o(.data)
    GBK16_PATH                               0x200001e0   Data           4  fontupd.o(.data)
    GBK12_PATH                               0x200001e4   Data           4  fontupd.o(.data)
    UNIGBK_PATH                              0x200001e8   Data           4  fontupd.o(.data)
    f_jpeg                                   0x200001ec   Data           4  tjpgd.o(.data)
    jpeg_dev                                 0x200001f0   Data           4  tjpgd.o(.data)
    jpg_buffer                               0x200001f4   Data           4  tjpgd.o(.data)
    gifdecoding                              0x200001f8   Data           1  gif.o(.data)
    lcddev                                   0x200001fc   Data          14  lcd.o(.bss)
    SPI_InitStructure                        0x2000020a   Data          18  spi.o(.bss)
    membase                                  0x2000021c   Data        2048  malloc.o(.bss)
    memmapbase                               0x20000a1c   Data         128  malloc.o(.bss)
    SPI_FLASH_BUF                            0x20000a9c   Data        4096  flash.o(.bss)
    USART_RX_BUF                             0x20001a9c   Data          64  usart.o(.bss)
    ftinfo                                   0x20001adc   Data          33  fontupd.o(.bss)
    picinfo                                  0x20001b00   Data          40  piclib.o(.bss)
    pic_phy                                  0x20001b28   Data          20  piclib.o(.bss)
    __libspace_start                         0x20001b3c   Data          96  libspace.o(.bss)
    __temporary_stack_top$libspace           0x20001b9c   Data           0  libspace.o(.bss)



==============================================================================

Memory Map of the image

  Image Entry point : 0x080000ed

  Load Region LR_IROM1 (Base: 0x08000000, Size: 0x0000ee48, Max: 0x00010000, ABSOLUTE, COMPRESSED[0x0000ecf0])

    Execution Region ER_IROM1 (Base: 0x08000000, Size: 0x0000ec4c, Max: 0x00010000, ABSOLUTE)

    Base Addr    Size         Type   Attr      Idx    E Section Name        Object

    0x08000000   0x000000ec   Data   RO          570    RESET               startup_stm32f10x_md.o
    0x080000ec   0x00000008   Code   RO          959  * !!!main             c_w.l(__main.o)
    0x080000f4   0x00000034   Code   RO         1282    !!!scatter          c_w.l(__scatter.o)
    0x08000128   0x0000005a   Code   RO         1280    !!dczerorl2         c_w.l(__dczerorl2.o)
    0x08000182   0x00000002   PAD
    0x08000184   0x0000001c   Code   RO         1284    !!handler_zi        c_w.l(__scatter_zi.o)
    0x080001a0   0x00000002   Code   RO         1153    .ARM.Collect$$libinit$$00000000  c_w.l(libinit.o)
    0x080001a2   0x00000000   Code   RO         1159    .ARM.Collect$$libinit$$00000002  c_w.l(libinit2.o)
    0x080001a2   0x00000000   Code   RO         1161    .ARM.Collect$$libinit$$00000004  c_w.l(libinit2.o)
    0x080001a2   0x00000000   Code   RO         1164    .ARM.Collect$$libinit$$0000000A  c_w.l(libinit2.o)
    0x080001a2   0x00000000   Code   RO         1166    .ARM.Collect$$libinit$$0000000C  c_w.l(libinit2.o)
    0x080001a2   0x00000000   Code   RO         1168    .ARM.Collect$$libinit$$0000000E  c_w.l(libinit2.o)
    0x080001a2   0x00000000   Code   RO         1171    .ARM.Collect$$libinit$$00000011  c_w.l(libinit2.o)
    0x080001a2   0x00000000   Code   RO         1173    .ARM.Collect$$libinit$$00000013  c_w.l(libinit2.o)
    0x080001a2   0x00000000   Code   RO         1175    .ARM.Collect$$libinit$$00000015  c_w.l(libinit2.o)
    0x080001a2   0x00000000   Code   RO         1177    .ARM.Collect$$libinit$$00000017  c_w.l(libinit2.o)
    0x080001a2   0x00000000   Code   RO         1179    .ARM.Collect$$libinit$$00000019  c_w.l(libinit2.o)
    0x080001a2   0x00000000   Code   RO         1181    .ARM.Collect$$libinit$$0000001B  c_w.l(libinit2.o)
    0x080001a2   0x00000000   Code   RO         1183    .ARM.Collect$$libinit$$0000001D  c_w.l(libinit2.o)
    0x080001a2   0x00000000   Code   RO         1185    .ARM.Collect$$libinit$$0000001F  c_w.l(libinit2.o)
    0x080001a2   0x00000000   Code   RO         1187    .ARM.Collect$$libinit$$00000021  c_w.l(libinit2.o)
    0x080001a2   0x00000000   Code   RO         1189    .ARM.Collect$$libinit$$00000023  c_w.l(libinit2.o)
    0x080001a2   0x00000000   Code   RO         1191    .ARM.Collect$$libinit$$00000025  c_w.l(libinit2.o)
    0x080001a2   0x00000000   Code   RO         1195    .ARM.Collect$$libinit$$0000002C  c_w.l(libinit2.o)
    0x080001a2   0x00000000   Code   RO         1197    .ARM.Collect$$libinit$$0000002E  c_w.l(libinit2.o)
    0x080001a2   0x00000000   Code   RO         1199    .ARM.Collect$$libinit$$00000030  c_w.l(libinit2.o)
    0x080001a2   0x00000000   Code   RO         1201    .ARM.Collect$$libinit$$00000032  c_w.l(libinit2.o)
    0x080001a2   0x00000002   Code   RO         1202    .ARM.Collect$$libinit$$00000033  c_w.l(libinit2.o)
    0x080001a4   0x00000002   Code   RO         1222    .ARM.Collect$$libshutdown$$00000000  c_w.l(libshutdown.o)
    0x080001a6   0x00000000   Code   RO         1232    .ARM.Collect$$libshutdown$$00000002  c_w.l(libshutdown2.o)
    0x080001a6   0x00000000   Code   RO         1234    .ARM.Collect$$libshutdown$$00000004  c_w.l(libshutdown2.o)
    0x080001a6   0x00000000   Code   RO         1237    .ARM.Collect$$libshutdown$$00000007  c_w.l(libshutdown2.o)
    0x080001a6   0x00000000   Code   RO         1240    .ARM.Collect$$libshutdown$$0000000A  c_w.l(libshutdown2.o)
    0x080001a6   0x00000000   Code   RO         1242    .ARM.Collect$$libshutdown$$0000000C  c_w.l(libshutdown2.o)
    0x080001a6   0x00000000   Code   RO         1245    .ARM.Collect$$libshutdown$$0000000F  c_w.l(libshutdown2.o)
    0x080001a6   0x00000002   Code   RO         1246    .ARM.Collect$$libshutdown$$00000010  c_w.l(libshutdown2.o)
    0x080001a8   0x00000000   Code   RO         1051    .ARM.Collect$$rtentry$$00000000  c_w.l(__rtentry.o)
    0x080001a8   0x00000000   Code   RO         1112    .ARM.Collect$$rtentry$$00000002  c_w.l(__rtentry2.o)
    0x080001a8   0x00000006   Code   RO         1124    .ARM.Collect$$rtentry$$00000004  c_w.l(__rtentry4.o)
    0x080001ae   0x00000000   Code   RO         1114    .ARM.Collect$$rtentry$$00000009  c_w.l(__rtentry2.o)
    0x080001ae   0x00000004   Code   RO         1115    .ARM.Collect$$rtentry$$0000000A  c_w.l(__rtentry2.o)
    0x080001b2   0x00000000   Code   RO         1117    .ARM.Collect$$rtentry$$0000000C  c_w.l(__rtentry2.o)
    0x080001b2   0x00000008   Code   RO         1118    .ARM.Collect$$rtentry$$0000000D  c_w.l(__rtentry2.o)
    0x080001ba   0x00000002   Code   RO         1156    .ARM.Collect$$rtexit$$00000000  c_w.l(rtexit.o)
    0x080001bc   0x00000000   Code   RO         1206    .ARM.Collect$$rtexit$$00000002  c_w.l(rtexit2.o)
    0x080001bc   0x00000004   Code   RO         1207    .ARM.Collect$$rtexit$$00000003  c_w.l(rtexit2.o)
    0x080001c0   0x00000006   Code   RO         1208    .ARM.Collect$$rtexit$$00000004  c_w.l(rtexit2.o)
    0x080001c6   0x00000002   PAD
    0x080001c8   0x000008b4   Code   RO            1    .text               main.o
    0x08000a7c   0x00000a04   Code   RO          230    .text               gui.o
    0x08001480   0x000000ac   Code   RO          248    .text               delay.o
    0x0800152c   0x000001e0   Code   RO          262    .text               system_stm32f10x.o
    0x0800170c   0x00000138   Code   RO          302    .text               key.o
    0x08001844   0x00000778   Code   RO          315    .text               lcd.o
    0x08001fbc   0x000000e0   Code   RO          409    .text               spi.o
    0x0800209c   0x00000524   Code   RO          424    .text               mmc_sd.o
    0x080025c0   0x00000194   Code   RO          446    .text               malloc.o
    0x08002754   0x00000360   Code   RO          466    .text               flash.o
    0x08002ab4   0x00000290   Code   RO          485    .text               ds18b20.o
    0x08002d44   0x00000140   Code   RO          497    .text               usart.o
    0x08002e84   0x000003c8   Code   RO          520    .text               ds1302.o
    0x0800324c   0x00000040   Code   RO          571    .text               startup_stm32f10x_md.o
    0x0800328c   0x000000dc   Code   RO          575    .text               misc.o
    0x08003368   0x0000035c   Code   RO          587    .text               stm32f10x_gpio.o
    0x080036c4   0x000003a4   Code   RO          599    .text               stm32f10x_rcc.o
    0x08003a68   0x0000030c   Code   RO          613    .text               stm32f10x_spi.o
    0x08003d74   0x00000408   Code   RO          625    .text               stm32f10x_usart.o
    0x0800417c   0x000001f8   Code   RO          649    .text               diskio.o
    0x08004374   0x00003296   Code   RO          675    .text               ff.o
    0x0800760a   0x00000002   PAD
    0x0800760c   0x00000198   Code   RO          696    .text               exfuns.o
    0x080077a4   0x000000b0   Code   RO          752    .text               cc936.o
    0x08007854   0x000003c4   Code   RO          775    .text               fontupd.o
    0x08007c18   0x000002d4   Code   RO          796    .text               text.o
    0x08007eec   0x00000860   Code   RO          808    .text               bmp.o
    0x0800874c   0x00001270   Code   RO          820    .text               tjpgd.o
    0x080099bc   0x00000ea0   Code   RO          852    .text               gif.o
    0x0800a85c   0x000002d4   Code   RO          871    .text               piclib.o
    0x0800ab30   0x00000002   Code   RO          891    .text               c_w.l(use_no_semi_2.o)
    0x0800ab32   0x00000048   Code   RO          949    .text               c_w.l(strcpy.o)
    0x0800ab7a   0x0000003e   Code   RO          951    .text               c_w.l(strlen.o)
    0x0800abb8   0x00000018   Code   RO          953    .text               c_w.l(strcat.o)
    0x0800abd0   0x00000080   Code   RO          955    .text               c_w.l(strcmpv7m.o)
    0x0800ac50   0x00000006   Code   RO          957    .text               c_w.l(heapauxi.o)
    0x0800ac56   0x00000002   Code   RO         1049    .text               c_w.l(use_no_semi.o)
    0x0800ac58   0x00000008   Code   RO         1139    .text               c_w.l(libspace.o)
    0x0800ac60   0x0000004a   Code   RO         1142    .text               c_w.l(sys_stackheap_outer.o)
    0x0800acaa   0x00000012   Code   RO         1146    .text               c_w.l(exit.o)
    0x0800acbc   0x0000005e   Code   RO          969    x$fpl$dfix          fz_ws.l(dfix.o)
    0x0800ad1a   0x00000002   PAD
    0x0800ad1c   0x00000154   Code   RO          985    x$fpl$dmul          fz_ws.l(dmul.o)
    0x0800ae70   0x0000009c   Code   RO         1067    x$fpl$dnaninf       fz_ws.l(dnaninf.o)
    0x0800af0c   0x0000000c   Code   RO         1069    x$fpl$dretinf       fz_ws.l(dretinf.o)
    0x0800af18   0x00000056   Code   RO          989    x$fpl$f2d           fz_ws.l(f2d.o)
    0x0800af6e   0x00000002   PAD
    0x0800af70   0x000000c4   Code   RO          991    x$fpl$fadd          fz_ws.l(faddsub_clz.o)
    0x0800b034   0x00000018   Code   RO         1073    x$fpl$fcmpinf       fz_ws.l(fcmpi.o)
    0x0800b04c   0x00000184   Code   RO          998    x$fpl$fdiv          fz_ws.l(fdiv.o)
    0x0800b1d0   0x00000068   Code   RO         1001    x$fpl$feqf          fz_ws.l(feqf.o)
    0x0800b238   0x0000003e   Code   RO         1007    x$fpl$ffixu         fz_ws.l(ffixu.o)
    0x0800b276   0x00000002   PAD
    0x0800b278   0x00000030   Code   RO         1012    x$fpl$fflt          fz_ws.l(fflt_clz.o)
    0x0800b2a8   0x00000026   Code   RO         1011    x$fpl$ffltu         fz_ws.l(fflt_clz.o)
    0x0800b2ce   0x00000002   PAD
    0x0800b2d0   0x00000068   Code   RO         1017    x$fpl$fleqf         fz_ws.l(fleqf.o)
    0x0800b338   0x00000102   Code   RO         1019    x$fpl$fmul          fz_ws.l(fmul.o)
    0x0800b43a   0x0000008c   Code   RO         1075    x$fpl$fnaninf       fz_ws.l(fnaninf.o)
    0x0800b4c6   0x0000000a   Code   RO         1077    x$fpl$fretinf       fz_ws.l(fretinf.o)
    0x0800b4d0   0x00000062   Code   RO         1021    x$fpl$frleqf        fz_ws.l(frleqf.o)
    0x0800b532   0x00000002   PAD
    0x0800b534   0x000000ea   Code   RO          993    x$fpl$fsub          fz_ws.l(faddsub_clz.o)
    0x0800b61e   0x00000000   Code   RO         1081    x$fpl$usenofp       fz_ws.l(usenofp.o)
    0x0800b61e   0x0000148e   Data   RO          231    .constdata          gui.o
    0x0800caac   0x000017c0   Data   RO          317    .constdata          lcd.o
    0x0800e26c   0x0000003a   Data   RO          676    .constdata          ff.o
    0x0800e2a6   0x000003c8   Data   RO          753    .constdata          cc936.o
    0x0800e66e   0x000004c0   Data   RO          821    .constdata          tjpgd.o
    0x0800eb2e   0x00000028   Data   RO          853    .constdata          gif.o
    0x0800eb56   0x00000002   PAD
    0x0800eb58   0x00000064   Data   RO          698    .conststring        exfuns.o
    0x0800ebbc   0x0000006d   Data   RO          777    .conststring        fontupd.o
    0x0800ec29   0x00000003   PAD
    0x0800ec2c   0x00000020   Data   RO         1278    Region$$Table       anon$$obj.o


    Execution Region RW_IRAM1 (Base: 0x20000000, Size: 0x000021a0, Max: 0x00005000, ABSOLUTE, COMPRESSED[0x000000a4])

    Base Addr    Size         Type   Attr      Idx    E Section Name        Object

    0x20000000   0x00000001   Data   RW            2    .data               main.o
    0x20000001   0x00000001   PAD
    0x20000002   0x00000004   Data   RW          249    .data               delay.o
    0x20000006   0x00000002   PAD
    0x20000008   0x00000014   Data   RW          263    .data               system_stm32f10x.o
    0x2000001c   0x00000001   Data   RW          303    .data               key.o
    0x2000001d   0x00000001   PAD
    0x2000001e   0x00000006   Data   RW          318    .data               lcd.o
    0x20000024   0x00000001   Data   RW          425    .data               mmc_sd.o
    0x20000025   0x00000003   PAD
    0x20000028   0x00000014   Data   RW          449    .data               malloc.o
    0x2000003c   0x00000002   Data   RW          468    .data               flash.o
    0x2000003e   0x00000002   PAD
    0x20000040   0x00000005   Data   RW          499    .data               usart.o
    0x20000045   0x00000001   PAD
    0x20000046   0x00000020   Data   RW          521    .data               ds1302.o
    0x20000066   0x00000014   Data   RW          600    .data               stm32f10x_rcc.o
    0x2000007a   0x00000002   Data   RW          650    .data               diskio.o
    0x2000007c   0x0000000a   Data   RW          677    .data               ff.o
    0x20000086   0x00000002   PAD
    0x20000088   0x00000154   Data   RW          699    .data               exfuns.o
    0x200001dc   0x00000010   Data   RW          778    .data               fontupd.o
    0x200001ec   0x0000000c   Data   RW          822    .data               tjpgd.o
    0x200001f8   0x00000001   Data   RW          854    .data               gif.o
    0x200001f9   0x00000003   PAD
    0x200001fc   0x0000000e   Zero   RW          316    .bss                lcd.o
    0x2000020a   0x00000012   Zero   RW          410    .bss                spi.o
    0x2000021c   0x00000880   Zero   RW          447    .bss                malloc.o
    0x20000a9c   0x00001000   Zero   RW          467    .bss                flash.o
    0x20001a9c   0x00000040   Zero   RW          498    .bss                usart.o
    0x20001adc   0x00000021   Zero   RW          776    .bss                fontupd.o
    0x20001afd   0x00000003   PAD
    0x20001b00   0x0000003c   Zero   RW          872    .bss                piclib.o
    0x20001b3c   0x00000060   Zero   RW         1140    .bss                c_w.l(libspace.o)
    0x20001b9c   0x00000004   PAD
    0x20001ba0   0x00000200   Zero   RW          569    HEAP                startup_stm32f10x_md.o
    0x20001da0   0x00000400   Zero   RW          568    STACK               startup_stm32f10x_md.o


==============================================================================

Image component sizes


      Code (inc. data)   RO Data    RW Data    ZI Data      Debug   Object Name

      2144         24          0          0          0       5186   bmp.o
       176         18        968          0          0       2125   cc936.o
         0          0          0          0          0         32   core_cm3.o
       172          8          0          4          0       1039   delay.o
       504         12          0          2          0       4258   diskio.o
       968         12          0         32          0       5516   ds1302.o
       656         20          0          0          0       2342   ds18b20.o
       408         20        100        340          0       2604   exfuns.o
     12950        138         58         10          0      38054   ff.o
       864         24          0          2       4096       4429   flash.o
       964        126        109         16         33       3520   fontupd.o
      3744         24         40          1          0      10162   gif.o
      2564         56       5262          0          0       9677   gui.o
       312         12          0          1          0        840   key.o
      1912         52       6080          6         14       9046   lcd.o
      2228        364          0          1          0     244950   main.o
       404          6          0         20       2176       4013   malloc.o
       220         22          0          0          0       1753   misc.o
      1316         16          0          1          0       5790   mmc_sd.o
       724         30          0          0         60       4206   piclib.o
       224         12          0          0         18       1249   spi.o
        64         26        236          0       1536        768   startup_stm32f10x_md.o
       860         38          0          0          0       5689   stm32f10x_gpio.o
       932         36          0         20          0       8848   stm32f10x_rcc.o
       780         14          0          0          0       6570   stm32f10x_spi.o
      1032         22          0          0          0       8412   stm32f10x_usart.o
       480         38          0         20          0       1671   system_stm32f10x.o
       724         16          0          0          0       3064   text.o
      4720         72       1216         12          0      17255   tjpgd.o
       320         16          0          5         64       3094   usart.o

    ----------------------------------------------------------------------
     43368       1274      14106        508       8000     416162   Object Totals
         0          0         32          0          0          0   (incl. Generated)
         2          0          5         15          3          0   (incl. Padding)

    ----------------------------------------------------------------------

      Code (inc. data)   RO Data    RW Data    ZI Data      Debug   Library Member Name

        90          0          0          0          0          0   __dczerorl2.o
         8          0          0          0          0         68   __main.o
         0          0          0          0          0          0   __rtentry.o
        12          0          0          0          0          0   __rtentry2.o
         6          0          0          0          0          0   __rtentry4.o
        52          8          0          0          0          0   __scatter.o
        28          0          0          0          0          0   __scatter_zi.o
        18          0          0          0          0         80   exit.o
         6          0          0          0          0        152   heapauxi.o
         2          0          0          0          0          0   libinit.o
         2          0          0          0          0          0   libinit2.o
         2          0          0          0          0          0   libshutdown.o
         2          0          0          0          0          0   libshutdown2.o
         8          4          0          0         96         68   libspace.o
         2          0          0          0          0          0   rtexit.o
        10          0          0          0          0          0   rtexit2.o
        24          0          0          0          0         68   strcat.o
       128          0          0          0          0         68   strcmpv7m.o
        72          0          0          0          0         80   strcpy.o
        62          0          0          0          0         76   strlen.o
        74          0          0          0          0         80   sys_stackheap_outer.o
         2          0          0          0          0         68   use_no_semi.o
         2          0          0          0          0         68   use_no_semi_2.o
        94          4          0          0          0         92   dfix.o
       340         12          0          0          0        104   dmul.o
       156          4          0          0          0         92   dnaninf.o
        12          0          0          0          0         68   dretinf.o
        86          4          0          0          0         84   f2d.o
       430          8          0          0          0        168   faddsub_clz.o
        24          0          0          0          0         68   fcmpi.o
       388         76          0          0          0         96   fdiv.o
       104          4          0          0          0         84   feqf.o
        62          4          0          0          0         84   ffixu.o
        86          0          0          0          0        136   fflt_clz.o
       104          4          0          0          0         84   fleqf.o
       258          4          0          0          0         84   fmul.o
       140          4          0          0          0         84   fnaninf.o
        10          0          0          0          0         68   fretinf.o
        98          0          0          0          0         68   frleqf.o
         0          0          0          0          0          0   usenofp.o

    ----------------------------------------------------------------------
      3018        140          0          0        100       2340   Library Totals
        14          0          0          0          4          0   (incl. Padding)

    ----------------------------------------------------------------------

      Code (inc. data)   RO Data    RW Data    ZI Data      Debug   Library Name

       612         12          0          0         96        876   c_w.l
      2392        128          0          0          0       1464   fz_ws.l

    ----------------------------------------------------------------------
      3018        140          0          0        100       2340   Library Totals

    ----------------------------------------------------------------------

==============================================================================


      Code (inc. data)   RO Data    RW Data    ZI Data      Debug   

     46386       1414      14106        508       8100     414962   Grand Totals
     46386       1414      14106        164       8100     414962   ELF Image Totals (compressed)
     46386       1414      14106        164          0          0   ROM Totals

==============================================================================

    Total RO  Size (Code + RO Data)                60492 (  59.07kB)
    Total RW  Size (RW Data + ZI Data)              8608 (   8.41kB)
    Total ROM Size (Code + RO Data + RW Data)      60656 (  59.23kB)

==============================================================================

